The target system is: Generic -  - riscv64
The host system is: Linux - 6.6.114.1-microsoft-standard-WSL2 - x86_64
Compiling the C compiler identification source file "CMakeCCompilerId.c" succeeded.
Compiler: /home/sgf/.kendryte/k230_toolchains/riscv64-linux-musleabi_for_x86_64-pc-linux-gnu/bin/riscv64-unknown-linux-musl-gcc 
Build flags: ;-march=rv64imafdcv;-mabi=lp64d;-mcmodel=medany;-march=rv64imafdcv;-mabi=lp64d;-mcmodel=medany
Id flags:  

The output was:
0


Compilation of the C compiler identification source "CMakeCCompilerId.c" produced "a.out"

The C compiler identification is GNU, found in "/home/sgf/ws/k230_gesture_io/build/CMakeFiles/3.22.1/CompilerIdC/a.out"

Compiling the CXX compiler identification source file "CMakeCXXCompilerId.cpp" succeeded.
Compiler: /home/sgf/.kendryte/k230_toolchains/riscv64-linux-musleabi_for_x86_64-pc-linux-gnu/bin/riscv64-unknown-linux-musl-g++ 
Build flags: ;-fopenmp;-march=rv64imafdcv;-mabi=lp64d;-mcmodel=medany;-fopenmp;-march=rv64imafdcv;-mabi=lp64d;-mcmodel=medany
Id flags:  

The output was:
0


Compilation of the CXX compiler identification source "CMakeCXXCompilerId.cpp" produced "a.out"

The CXX compiler identification is GNU, found in "/home/sgf/ws/k230_gesture_io/build/CMakeFiles/3.22.1/CompilerIdCXX/a.out"

Detecting C compiler ABI info compiled with the following output:
Change Dir: /home/sgf/ws/k230_gesture_io/build/CMakeFiles/CMakeTmp

Run Build Command(s):/usr/bin/gmake -f Makefile cmTC_74d49/fast && /usr/bin/gmake  -f CMakeFiles/cmTC_74d49.dir/build.make CMakeFiles/cmTC_74d49.dir/build
gmake[1]: Entering directory '/home/sgf/ws/k230_gesture_io/build/CMakeFiles/CMakeTmp'
Building C object CMakeFiles/cmTC_74d49.dir/CMakeCCompilerABI.c.obj
/home/sgf/.kendryte/k230_toolchains/riscv64-linux-musleabi_for_x86_64-pc-linux-gnu/bin/riscv64-unknown-linux-musl-gcc   -march=rv64imafdcv -mabi=lp64d -mcmodel=medany -march=rv64imafdcv -mabi=lp64d -mcmodel=medany    -v -o CMakeFiles/cmTC_74d49.dir/CMakeCCompilerABI.c.obj -c /usr/share/cmake-3.22/Modules/CMakeCCompilerABI.c
Using built-in specs.
COLLECT_GCC=/home/sgf/.kendryte/k230_toolchains/riscv64-linux-musleabi_for_x86_64-pc-linux-gnu/bin/riscv64-unknown-linux-musl-gcc
Target: riscv64-unknown-linux-musl
Configured with: /builds/canaan-creative/riscv-toolchain/gcc/configure --target=riscv64-unknown-linux-musl --prefix=/builds/canaan-creative/riscv-toolchain/install-native/ --with-sysroot=/builds/canaan-creative/riscv-toolchain/install-native//riscv64-unknown-linux-musl --with-system-zlib --enable-shared --enable-tls --enable-languages=c,c++,fortran --disable-libmudflap --disable-libssp --disable-libquadmath --disable-libsanitizer --disable-nls --disable-bootstrap --src=/builds/canaan-creative/riscv-toolchain/gcc --disable-multilib --with-abi=lp64d --with-arch=rv64imafdcv --with-tune=rocket 'CFLAGS_FOR_TARGET=-O2   -mcmodel=medany -march=rv64imafdcv -mabi=lp64d' 'CXXFLAGS_FOR_TARGET=-O2   -mcmodel=medany -march=rv64imafdcv -mabi=lp64d'
Thread model: posix
Supported LTO compression algorithms: zlib
gcc version 12.0.1 20220505 (prerelease) (GCC) 
COLLECT_GCC_OPTIONS='-mcmodel=medany' '-march=rv64imafdcv' '-mabi=lp64d' '-mcmodel=medany' '-v' '-o' 'CMakeFiles/cmTC_74d49.dir/CMakeCCompilerABI.c.obj' '-c' '-mtune=rocket' '-misa-spec=20191213' '-march=rv64imafdcv_zicsr_zve32f_zve32x_zve64d_zve64f_zve64x_zvl128b_zvl32b_zvl64b' '-dumpdir' 'CMakeFiles/cmTC_74d49.dir/'
 /home/sgf/.kendryte/k230_toolchains/riscv64-linux-musleabi_for_x86_64-pc-linux-gnu/bin/../libexec/gcc/riscv64-unknown-linux-musl/12.0.1/cc1 -quiet -v -iprefix /home/sgf/.kendryte/k230_toolchains/riscv64-linux-musleabi_for_x86_64-pc-linux-gnu/bin/../lib/gcc/riscv64-unknown-linux-musl/12.0.1/ /usr/share/cmake-3.22/Modules/CMakeCCompilerABI.c -quiet -dumpdir CMakeFiles/cmTC_74d49.dir/ -dumpbase CMakeCCompilerABI.c.c -dumpbase-ext .c -mcmodel=medany -march=rv64imafdcv -mabi=lp64d -mcmodel=medany -mtune=rocket -misa-spec=20191213 -march=rv64imafdcv_zicsr_zve32f_zve32x_zve64d_zve64f_zve64x_zvl128b_zvl32b_zvl64b -version -o /tmp/ccCJblCC.s
GNU C17 (GCC) version 12.0.1 20220505 (prerelease) (riscv64-unknown-linux-musl)
	compiled by GNU C version 9.4.0, GMP version 6.2.1, MPFR version 4.1.0, MPC version 1.2.1, isl version isl-0.24-GMP

GGC heuristics: --param ggc-min-expand=100 --param ggc-min-heapsize=131072
ignoring nonexistent directory "/builds/canaan-creative/riscv-toolchain/install-native//riscv64-unknown-linux-musl/usr/local/include"
ignoring duplicate directory "/home/sgf/.kendryte/k230_toolchains/riscv64-linux-musleabi_for_x86_64-pc-linux-gnu/bin/../lib/gcc/../../lib/gcc/riscv64-unknown-linux-musl/12.0.1/../../../../riscv64-unknown-linux-musl/include"
ignoring nonexistent directory "/builds/canaan-creative/riscv-toolchain/install-native//riscv64-unknown-linux-musl/usr/include"
ignoring duplicate directory "/home/sgf/.kendryte/k230_toolchains/riscv64-linux-musleabi_for_x86_64-pc-linux-gnu/bin/../lib/gcc/../../lib/gcc/riscv64-unknown-linux-musl/12.0.1/include"
#include "..." search starts here:
#include <...> search starts here:
 /home/sgf/.kendryte/k230_toolchains/riscv64-linux-musleabi_for_x86_64-pc-linux-gnu/bin/../lib/gcc/riscv64-unknown-linux-musl/12.0.1/../../../../riscv64-unknown-linux-musl/include
 /home/sgf/.kendryte/k230_toolchains/riscv64-linux-musleabi_for_x86_64-pc-linux-gnu/bin/../lib/gcc/riscv64-unknown-linux-musl/12.0.1/include
End of search list.
GNU C17 (GCC) version 12.0.1 20220505 (prerelease) (riscv64-unknown-linux-musl)
	compiled by GNU C version 9.4.0, GMP version 6.2.1, MPFR version 4.1.0, MPC version 1.2.1, isl version isl-0.24-GMP

GGC heuristics: --param ggc-min-expand=100 --param ggc-min-heapsize=131072
Compiler executable checksum: 3f69e773161d85594256b016a7c76253
COLLECT_GCC_OPTIONS='-mcmodel=medany' '-march=rv64imafdcv' '-mabi=lp64d' '-mcmodel=medany' '-v' '-o' 'CMakeFiles/cmTC_74d49.dir/CMakeCCompilerABI.c.obj' '-c' '-mtune=rocket' '-misa-spec=20191213' '-march=rv64imafdcv_zicsr_zve32f_zve32x_zve64d_zve64f_zve64x_zvl128b_zvl32b_zvl64b' '-dumpdir' 'CMakeFiles/cmTC_74d49.dir/'
 /home/sgf/.kendryte/k230_toolchains/riscv64-linux-musleabi_for_x86_64-pc-linux-gnu/bin/../lib/gcc/riscv64-unknown-linux-musl/12.0.1/../../../../riscv64-unknown-linux-musl/bin/as -v --traditional-format -march=rv64imafdcv -march=rv64imafdcv_zicsr_zve32f_zve32x_zve64d_zve64f_zve64x_zvl128b_zvl32b_zvl64b -mabi=lp64d -misa-spec=20191213 -o CMakeFiles/cmTC_74d49.dir/CMakeCCompilerABI.c.obj /tmp/ccCJblCC.s
GNU assembler version 2.39 (riscv64-unknown-linux-musl) using BFD version (GNU Binutils) 2.39
COMPILER_PATH=/home/sgf/.kendryte/k230_toolchains/riscv64-linux-musleabi_for_x86_64-pc-linux-gnu/bin/../libexec/gcc/riscv64-unknown-linux-musl/12.0.1/:/home/sgf/.kendryte/k230_toolchains/riscv64-linux-musleabi_for_x86_64-pc-linux-gnu/bin/../libexec/gcc/:/home/sgf/.kendryte/k230_toolchains/riscv64-linux-musleabi_for_x86_64-pc-linux-gnu/bin/../lib/gcc/riscv64-unknown-linux-musl/12.0.1/../../../../riscv64-unknown-linux-musl/bin/
LIBRARY_PATH=/home/sgf/.kendryte/k230_toolchains/riscv64-linux-musleabi_for_x86_64-pc-linux-gnu/bin/../lib/gcc/riscv64-unknown-linux-musl/12.0.1/:/home/sgf/.kendryte/k230_toolchains/riscv64-linux-musleabi_for_x86_64-pc-linux-gnu/bin/../lib/gcc/:/home/sgf/.kendryte/k230_toolchains/riscv64-linux-musleabi_for_x86_64-pc-linux-gnu/bin/../lib/gcc/riscv64-unknown-linux-musl/12.0.1/../../../../riscv64-unknown-linux-musl/lib/
COLLECT_GCC_OPTIONS='-mcmodel=medany' '-march=rv64imafdcv' '-mabi=lp64d' '-mcmodel=medany' '-v' '-o' 'CMakeFiles/cmTC_74d49.dir/CMakeCCompilerABI.c.obj' '-c' '-mtune=rocket' '-misa-spec=20191213' '-march=rv64imafdcv_zicsr_zve32f_zve32x_zve64d_zve64f_zve64x_zvl128b_zvl32b_zvl64b' '-dumpdir' 'CMakeFiles/cmTC_74d49.dir/CMakeCCompilerABI.c.'
Linking C executable cmTC_74d49
/usr/bin/cmake -E cmake_link_script CMakeFiles/cmTC_74d49.dir/link.txt --verbose=1
/home/sgf/.kendryte/k230_toolchains/riscv64-linux-musleabi_for_x86_64-pc-linux-gnu/bin/riscv64-unknown-linux-musl-gcc  -march=rv64imafdcv -mabi=lp64d -mcmodel=medany -march=rv64imafdcv -mabi=lp64d -mcmodel=medany   -v CMakeFiles/cmTC_74d49.dir/CMakeCCompilerABI.c.obj -o cmTC_74d49 
Using built-in specs.
COLLECT_GCC=/home/sgf/.kendryte/k230_toolchains/riscv64-linux-musleabi_for_x86_64-pc-linux-gnu/bin/riscv64-unknown-linux-musl-gcc
COLLECT_LTO_WRAPPER=/home/sgf/.kendryte/k230_toolchains/riscv64-linux-musleabi_for_x86_64-pc-linux-gnu/bin/../libexec/gcc/riscv64-unknown-linux-musl/12.0.1/lto-wrapper
Target: riscv64-unknown-linux-musl
Configured with: /builds/canaan-creative/riscv-toolchain/gcc/configure --target=riscv64-unknown-linux-musl --prefix=/builds/canaan-creative/riscv-toolchain/install-native/ --with-sysroot=/builds/canaan-creative/riscv-toolchain/install-native//riscv64-unknown-linux-musl --with-system-zlib --enable-shared --enable-tls --enable-languages=c,c++,fortran --disable-libmudflap --disable-libssp --disable-libquadmath --disable-libsanitizer --disable-nls --disable-bootstrap --src=/builds/canaan-creative/riscv-toolchain/gcc --disable-multilib --with-abi=lp64d --with-arch=rv64imafdcv --with-tune=rocket 'CFLAGS_FOR_TARGET=-O2   -mcmodel=medany -march=rv64imafdcv -mabi=lp64d' 'CXXFLAGS_FOR_TARGET=-O2   -mcmodel=medany -march=rv64imafdcv -mabi=lp64d'
Thread model: posix
Supported LTO compression algorithms: zlib
gcc version 12.0.1 20220505 (prerelease) (GCC) 
COMPILER_PATH=/home/sgf/.kendryte/k230_toolchains/riscv64-linux-musleabi_for_x86_64-pc-linux-gnu/bin/../libexec/gcc/riscv64-unknown-linux-musl/12.0.1/:/home/sgf/.kendryte/k230_toolchains/riscv64-linux-musleabi_for_x86_64-pc-linux-gnu/bin/../libexec/gcc/:/home/sgf/.kendryte/k230_toolchains/riscv64-linux-musleabi_for_x86_64-pc-linux-gnu/bin/../lib/gcc/riscv64-unknown-linux-musl/12.0.1/../../../../riscv64-unknown-linux-musl/bin/
LIBRARY_PATH=/home/sgf/.kendryte/k230_toolchains/riscv64-linux-musleabi_for_x86_64-pc-linux-gnu/bin/../lib/gcc/riscv64-unknown-linux-musl/12.0.1/:/home/sgf/.kendryte/k230_toolchains/riscv64-linux-musleabi_for_x86_64-pc-linux-gnu/bin/../lib/gcc/:/home/sgf/.kendryte/k230_toolchains/riscv64-linux-musleabi_for_x86_64-pc-linux-gnu/bin/../lib/gcc/riscv64-unknown-linux-musl/12.0.1/../../../../riscv64-unknown-linux-musl/lib/
COLLECT_GCC_OPTIONS='-mcmodel=medany' '-march=rv64imafdcv' '-mabi=lp64d' '-mcmodel=medany' '-v' '-o' 'cmTC_74d49' '-mtune=rocket' '-misa-spec=20191213' '-march=rv64imafdcv_zicsr_zve32f_zve32x_zve64d_zve64f_zve64x_zvl128b_zvl32b_zvl64b' '-dumpdir' 'cmTC_74d49.'
 /home/sgf/.kendryte/k230_toolchains/riscv64-linux-musleabi_for_x86_64-pc-linux-gnu/bin/../libexec/gcc/riscv64-unknown-linux-musl/12.0.1/collect2 -plugin /home/sgf/.kendryte/k230_toolchains/riscv64-linux-musleabi_for_x86_64-pc-linux-gnu/bin/../libexec/gcc/riscv64-unknown-linux-musl/12.0.1/liblto_plugin.so -plugin-opt=/home/sgf/.kendryte/k230_toolchains/riscv64-linux-musleabi_for_x86_64-pc-linux-gnu/bin/../libexec/gcc/riscv64-unknown-linux-musl/12.0.1/lto-wrapper -plugin-opt=-fresolution=/tmp/ccclI7X0.res -plugin-opt=-pass-through=-lgcc -plugin-opt=-pass-through=-lgcc_s -plugin-opt=-pass-through=-lc -plugin-opt=-pass-through=-lgcc -plugin-opt=-pass-through=-lgcc_s --sysroot=/builds/canaan-creative/riscv-toolchain/install-native//riscv64-unknown-linux-musl --eh-frame-hdr -melf64lriscv -dynamic-linker /lib/ld-musl-riscv64.so.1 -o cmTC_74d49 /home/sgf/.kendryte/k230_toolchains/riscv64-linux-musleabi_for_x86_64-pc-linux-gnu/bin/../lib/gcc/riscv64-unknown-linux-musl/12.0.1/../../../../riscv64-unknown-linux-musl/lib/crt1.o /home/sgf/.kendryte/k230_toolchains/riscv64-linux-musleabi_for_x86_64-pc-linux-gnu/bin/../lib/gcc/riscv64-unknown-linux-musl/12.0.1/crti.o /home/sgf/.kendryte/k230_toolchains/riscv64-linux-musleabi_for_x86_64-pc-linux-gnu/bin/../lib/gcc/riscv64-unknown-linux-musl/12.0.1/crtbegin.o -L/home/sgf/.kendryte/k230_toolchains/riscv64-linux-musleabi_for_x86_64-pc-linux-gnu/bin/../lib/gcc/riscv64-unknown-linux-musl/12.0.1 -L/home/sgf/.kendryte/k230_toolchains/riscv64-linux-musleabi_for_x86_64-pc-linux-gnu/bin/../lib/gcc -L/home/sgf/.kendryte/k230_toolchains/riscv64-linux-musleabi_for_x86_64-pc-linux-gnu/bin/../lib/gcc/riscv64-unknown-linux-musl/12.0.1/../../../../riscv64-unknown-linux-musl/lib CMakeFiles/cmTC_74d49.dir/CMakeCCompilerABI.c.obj -lgcc --push-state --as-needed -lgcc_s --pop-state -lc -lgcc --push-state --as-needed -lgcc_s --pop-state /home/sgf/.kendryte/k230_toolchains/riscv64-linux-musleabi_for_x86_64-pc-linux-gnu/bin/../lib/gcc/riscv64-unknown-linux-musl/12.0.1/crtend.o /home/sgf/.kendryte/k230_toolchains/riscv64-linux-musleabi_for_x86_64-pc-linux-gnu/bin/../lib/gcc/riscv64-unknown-linux-musl/12.0.1/crtn.o
COLLECT_GCC_OPTIONS='-mcmodel=medany' '-march=rv64imafdcv' '-mabi=lp64d' '-mcmodel=medany' '-v' '-o' 'cmTC_74d49' '-mtune=rocket' '-misa-spec=20191213' '-march=rv64imafdcv_zicsr_zve32f_zve32x_zve64d_zve64f_zve64x_zvl128b_zvl32b_zvl64b' '-dumpdir' 'cmTC_74d49.'
gmake[1]: Leaving directory '/home/sgf/ws/k230_gesture_io/build/CMakeFiles/CMakeTmp'



Parsed C implicit include dir info from above output: rv=done
  found start of include info
  found start of implicit include info
    add: [/home/sgf/.kendryte/k230_toolchains/riscv64-linux-musleabi_for_x86_64-pc-linux-gnu/bin/../lib/gcc/riscv64-unknown-linux-musl/12.0.1/../../../../riscv64-unknown-linux-musl/include]
    add: [/home/sgf/.kendryte/k230_toolchains/riscv64-linux-musleabi_for_x86_64-pc-linux-gnu/bin/../lib/gcc/riscv64-unknown-linux-musl/12.0.1/include]
  end of search list found
  collapse include dir [/home/sgf/.kendryte/k230_toolchains/riscv64-linux-musleabi_for_x86_64-pc-linux-gnu/bin/../lib/gcc/riscv64-unknown-linux-musl/12.0.1/../../../../riscv64-unknown-linux-musl/include] ==> [/home/sgf/.kendryte/k230_toolchains/riscv64-linux-musleabi_for_x86_64-pc-linux-gnu/riscv64-unknown-linux-musl/include]
  collapse include dir [/home/sgf/.kendryte/k230_toolchains/riscv64-linux-musleabi_for_x86_64-pc-linux-gnu/bin/../lib/gcc/riscv64-unknown-linux-musl/12.0.1/include] ==> [/home/sgf/.kendryte/k230_toolchains/riscv64-linux-musleabi_for_x86_64-pc-linux-gnu/lib/gcc/riscv64-unknown-linux-musl/12.0.1/include]
  implicit include dirs: [/home/sgf/.kendryte/k230_toolchains/riscv64-linux-musleabi_for_x86_64-pc-linux-gnu/riscv64-unknown-linux-musl/include;/home/sgf/.kendryte/k230_toolchains/riscv64-linux-musleabi_for_x86_64-pc-linux-gnu/lib/gcc/riscv64-unknown-linux-musl/12.0.1/include]


Parsed C implicit link information from above output:
  link line regex: [^( *|.*[/\])(riscv64-unknown-linux-musl-ld|CMAKE_LINK_STARTFILE-NOTFOUND|([^/\]+-)?ld|collect2)[^/\]*( |$)]
  ignore line: [Change Dir: /home/sgf/ws/k230_gesture_io/build/CMakeFiles/CMakeTmp]
  ignore line: []
  ignore line: [Run Build Command(s):/usr/bin/gmake -f Makefile cmTC_74d49/fast && /usr/bin/gmake  -f CMakeFiles/cmTC_74d49.dir/build.make CMakeFiles/cmTC_74d49.dir/build]
  ignore line: [gmake[1]: Entering directory '/home/sgf/ws/k230_gesture_io/build/CMakeFiles/CMakeTmp']
  ignore line: [Building C object CMakeFiles/cmTC_74d49.dir/CMakeCCompilerABI.c.obj]
  ignore line: [/home/sgf/.kendryte/k230_toolchains/riscv64-linux-musleabi_for_x86_64-pc-linux-gnu/bin/riscv64-unknown-linux-musl-gcc   -march=rv64imafdcv -mabi=lp64d -mcmodel=medany -march=rv64imafdcv -mabi=lp64d -mcmodel=medany    -v -o CMakeFiles/cmTC_74d49.dir/CMakeCCompilerABI.c.obj -c /usr/share/cmake-3.22/Modules/CMakeCCompilerABI.c]
  ignore line: [Using built-in specs.]
  ignore line: [COLLECT_GCC=/home/sgf/.kendryte/k230_toolchains/riscv64-linux-musleabi_for_x86_64-pc-linux-gnu/bin/riscv64-unknown-linux-musl-gcc]
  ignore line: [Target: riscv64-unknown-linux-musl]
  ignore line: [Configured with: /builds/canaan-creative/riscv-toolchain/gcc/configure --target=riscv64-unknown-linux-musl --prefix=/builds/canaan-creative/riscv-toolchain/install-native/ --with-sysroot=/builds/canaan-creative/riscv-toolchain/install-native//riscv64-unknown-linux-musl --with-system-zlib --enable-shared --enable-tls --enable-languages=c c++ fortran --disable-libmudflap --disable-libssp --disable-libquadmath --disable-libsanitizer --disable-nls --disable-bootstrap --src=/builds/canaan-creative/riscv-toolchain/gcc --disable-multilib --with-abi=lp64d --with-arch=rv64imafdcv --with-tune=rocket 'CFLAGS_FOR_TARGET=-O2   -mcmodel=medany -march=rv64imafdcv -mabi=lp64d' 'CXXFLAGS_FOR_TARGET=-O2   -mcmodel=medany -march=rv64imafdcv -mabi=lp64d']
  ignore line: [Thread model: posix]
  ignore line: [Supported LTO compression algorithms: zlib]
  ignore line: [gcc version 12.0.1 20220505 (prerelease) (GCC) ]
  ignore line: [COLLECT_GCC_OPTIONS='-mcmodel=medany' '-march=rv64imafdcv' '-mabi=lp64d' '-mcmodel=medany' '-v' '-o' 'CMakeFiles/cmTC_74d49.dir/CMakeCCompilerABI.c.obj' '-c' '-mtune=rocket' '-misa-spec=20191213' '-march=rv64imafdcv_zicsr_zve32f_zve32x_zve64d_zve64f_zve64x_zvl128b_zvl32b_zvl64b' '-dumpdir' 'CMakeFiles/cmTC_74d49.dir/']
  ignore line: [ /home/sgf/.kendryte/k230_toolchains/riscv64-linux-musleabi_for_x86_64-pc-linux-gnu/bin/../libexec/gcc/riscv64-unknown-linux-musl/12.0.1/cc1 -quiet -v -iprefix /home/sgf/.kendryte/k230_toolchains/riscv64-linux-musleabi_for_x86_64-pc-linux-gnu/bin/../lib/gcc/riscv64-unknown-linux-musl/12.0.1/ /usr/share/cmake-3.22/Modules/CMakeCCompilerABI.c -quiet -dumpdir CMakeFiles/cmTC_74d49.dir/ -dumpbase CMakeCCompilerABI.c.c -dumpbase-ext .c -mcmodel=medany -march=rv64imafdcv -mabi=lp64d -mcmodel=medany -mtune=rocket -misa-spec=20191213 -march=rv64imafdcv_zicsr_zve32f_zve32x_zve64d_zve64f_zve64x_zvl128b_zvl32b_zvl64b -version -o /tmp/ccCJblCC.s]
  ignore line: [GNU C17 (GCC) version 12.0.1 20220505 (prerelease) (riscv64-unknown-linux-musl)]
  ignore line: [	compiled by GNU C version 9.4.0  GMP version 6.2.1  MPFR version 4.1.0  MPC version 1.2.1  isl version isl-0.24-GMP]
  ignore line: []
  ignore line: [GGC heuristics: --param ggc-min-expand=100 --param ggc-min-heapsize=131072]
  ignore line: [ignoring nonexistent directory "/builds/canaan-creative/riscv-toolchain/install-native//riscv64-unknown-linux-musl/usr/local/include"]
  ignore line: [ignoring duplicate directory "/home/sgf/.kendryte/k230_toolchains/riscv64-linux-musleabi_for_x86_64-pc-linux-gnu/bin/../lib/gcc/../../lib/gcc/riscv64-unknown-linux-musl/12.0.1/../../../../riscv64-unknown-linux-musl/include"]
  ignore line: [ignoring nonexistent directory "/builds/canaan-creative/riscv-toolchain/install-native//riscv64-unknown-linux-musl/usr/include"]
  ignore line: [ignoring duplicate directory "/home/sgf/.kendryte/k230_toolchains/riscv64-linux-musleabi_for_x86_64-pc-linux-gnu/bin/../lib/gcc/../../lib/gcc/riscv64-unknown-linux-musl/12.0.1/include"]
  ignore line: [#include "..." search starts here:]
  ignore line: [#include <...> search starts here:]
  ignore line: [ /home/sgf/.kendryte/k230_toolchains/riscv64-linux-musleabi_for_x86_64-pc-linux-gnu/bin/../lib/gcc/riscv64-unknown-linux-musl/12.0.1/../../../../riscv64-unknown-linux-musl/include]
  ignore line: [ /home/sgf/.kendryte/k230_toolchains/riscv64-linux-musleabi_for_x86_64-pc-linux-gnu/bin/../lib/gcc/riscv64-unknown-linux-musl/12.0.1/include]
  ignore line: [End of search list.]
  ignore line: [GNU C17 (GCC) version 12.0.1 20220505 (prerelease) (riscv64-unknown-linux-musl)]
  ignore line: [	compiled by GNU C version 9.4.0  GMP version 6.2.1  MPFR version 4.1.0  MPC version 1.2.1  isl version isl-0.24-GMP]
  ignore line: []
  ignore line: [GGC heuristics: --param ggc-min-expand=100 --param ggc-min-heapsize=131072]
  ignore line: [Compiler executable checksum: 3f69e773161d85594256b016a7c76253]
  ignore line: [COLLECT_GCC_OPTIONS='-mcmodel=medany' '-march=rv64imafdcv' '-mabi=lp64d' '-mcmodel=medany' '-v' '-o' 'CMakeFiles/cmTC_74d49.dir/CMakeCCompilerABI.c.obj' '-c' '-mtune=rocket' '-misa-spec=20191213' '-march=rv64imafdcv_zicsr_zve32f_zve32x_zve64d_zve64f_zve64x_zvl128b_zvl32b_zvl64b' '-dumpdir' 'CMakeFiles/cmTC_74d49.dir/']
  ignore line: [ /home/sgf/.kendryte/k230_toolchains/riscv64-linux-musleabi_for_x86_64-pc-linux-gnu/bin/../lib/gcc/riscv64-unknown-linux-musl/12.0.1/../../../../riscv64-unknown-linux-musl/bin/as -v --traditional-format -march=rv64imafdcv -march=rv64imafdcv_zicsr_zve32f_zve32x_zve64d_zve64f_zve64x_zvl128b_zvl32b_zvl64b -mabi=lp64d -misa-spec=20191213 -o CMakeFiles/cmTC_74d49.dir/CMakeCCompilerABI.c.obj /tmp/ccCJblCC.s]
  ignore line: [GNU assembler version 2.39 (riscv64-unknown-linux-musl) using BFD version (GNU Binutils) 2.39]
  ignore line: [COMPILER_PATH=/home/sgf/.kendryte/k230_toolchains/riscv64-linux-musleabi_for_x86_64-pc-linux-gnu/bin/../libexec/gcc/riscv64-unknown-linux-musl/12.0.1/:/home/sgf/.kendryte/k230_toolchains/riscv64-linux-musleabi_for_x86_64-pc-linux-gnu/bin/../libexec/gcc/:/home/sgf/.kendryte/k230_toolchains/riscv64-linux-musleabi_for_x86_64-pc-linux-gnu/bin/../lib/gcc/riscv64-unknown-linux-musl/12.0.1/../../../../riscv64-unknown-linux-musl/bin/]
  ignore line: [LIBRARY_PATH=/home/sgf/.kendryte/k230_toolchains/riscv64-linux-musleabi_for_x86_64-pc-linux-gnu/bin/../lib/gcc/riscv64-unknown-linux-musl/12.0.1/:/home/sgf/.kendryte/k230_toolchains/riscv64-linux-musleabi_for_x86_64-pc-linux-gnu/bin/../lib/gcc/:/home/sgf/.kendryte/k230_toolchains/riscv64-linux-musleabi_for_x86_64-pc-linux-gnu/bin/../lib/gcc/riscv64-unknown-linux-musl/12.0.1/../../../../riscv64-unknown-linux-musl/lib/]
  ignore line: [COLLECT_GCC_OPTIONS='-mcmodel=medany' '-march=rv64imafdcv' '-mabi=lp64d' '-mcmodel=medany' '-v' '-o' 'CMakeFiles/cmTC_74d49.dir/CMakeCCompilerABI.c.obj' '-c' '-mtune=rocket' '-misa-spec=20191213' '-march=rv64imafdcv_zicsr_zve32f_zve32x_zve64d_zve64f_zve64x_zvl128b_zvl32b_zvl64b' '-dumpdir' 'CMakeFiles/cmTC_74d49.dir/CMakeCCompilerABI.c.']
  ignore line: [Linking C executable cmTC_74d49]
  ignore line: [/usr/bin/cmake -E cmake_link_script CMakeFiles/cmTC_74d49.dir/link.txt --verbose=1]
  ignore line: [/home/sgf/.kendryte/k230_toolchains/riscv64-linux-musleabi_for_x86_64-pc-linux-gnu/bin/riscv64-unknown-linux-musl-gcc  -march=rv64imafdcv -mabi=lp64d -mcmodel=medany -march=rv64imafdcv -mabi=lp64d -mcmodel=medany   -v CMakeFiles/cmTC_74d49.dir/CMakeCCompilerABI.c.obj -o cmTC_74d49 ]
  ignore line: [Using built-in specs.]
  ignore line: [COLLECT_GCC=/home/sgf/.kendryte/k230_toolchains/riscv64-linux-musleabi_for_x86_64-pc-linux-gnu/bin/riscv64-unknown-linux-musl-gcc]
  ignore line: [COLLECT_LTO_WRAPPER=/home/sgf/.kendryte/k230_toolchains/riscv64-linux-musleabi_for_x86_64-pc-linux-gnu/bin/../libexec/gcc/riscv64-unknown-linux-musl/12.0.1/lto-wrapper]
  ignore line: [Target: riscv64-unknown-linux-musl]
  ignore line: [Configured with: /builds/canaan-creative/riscv-toolchain/gcc/configure --target=riscv64-unknown-linux-musl --prefix=/builds/canaan-creative/riscv-toolchain/install-native/ --with-sysroot=/builds/canaan-creative/riscv-toolchain/install-native//riscv64-unknown-linux-musl --with-system-zlib --enable-shared --enable-tls --enable-languages=c c++ fortran --disable-libmudflap --disable-libssp --disable-libquadmath --disable-libsanitizer --disable-nls --disable-bootstrap --src=/builds/canaan-creative/riscv-toolchain/gcc --disable-multilib --with-abi=lp64d --with-arch=rv64imafdcv --with-tune=rocket 'CFLAGS_FOR_TARGET=-O2   -mcmodel=medany -march=rv64imafdcv -mabi=lp64d' 'CXXFLAGS_FOR_TARGET=-O2   -mcmodel=medany -march=rv64imafdcv -mabi=lp64d']
  ignore line: [Thread model: posix]
  ignore line: [Supported LTO compression algorithms: zlib]
  ignore line: [gcc version 12.0.1 20220505 (prerelease) (GCC) ]
  ignore line: [COMPILER_PATH=/home/sgf/.kendryte/k230_toolchains/riscv64-linux-musleabi_for_x86_64-pc-linux-gnu/bin/../libexec/gcc/riscv64-unknown-linux-musl/12.0.1/:/home/sgf/.kendryte/k230_toolchains/riscv64-linux-musleabi_for_x86_64-pc-linux-gnu/bin/../libexec/gcc/:/home/sgf/.kendryte/k230_toolchains/riscv64-linux-musleabi_for_x86_64-pc-linux-gnu/bin/../lib/gcc/riscv64-unknown-linux-musl/12.0.1/../../../../riscv64-unknown-linux-musl/bin/]
  ignore line: [LIBRARY_PATH=/home/sgf/.kendryte/k230_toolchains/riscv64-linux-musleabi_for_x86_64-pc-linux-gnu/bin/../lib/gcc/riscv64-unknown-linux-musl/12.0.1/:/home/sgf/.kendryte/k230_toolchains/riscv64-linux-musleabi_for_x86_64-pc-linux-gnu/bin/../lib/gcc/:/home/sgf/.kendryte/k230_toolchains/riscv64-linux-musleabi_for_x86_64-pc-linux-gnu/bin/../lib/gcc/riscv64-unknown-linux-musl/12.0.1/../../../../riscv64-unknown-linux-musl/lib/]
  ignore line: [COLLECT_GCC_OPTIONS='-mcmodel=medany' '-march=rv64imafdcv' '-mabi=lp64d' '-mcmodel=medany' '-v' '-o' 'cmTC_74d49' '-mtune=rocket' '-misa-spec=20191213' '-march=rv64imafdcv_zicsr_zve32f_zve32x_zve64d_zve64f_zve64x_zvl128b_zvl32b_zvl64b' '-dumpdir' 'cmTC_74d49.']
  link line: [ /home/sgf/.kendryte/k230_toolchains/riscv64-linux-musleabi_for_x86_64-pc-linux-gnu/bin/../libexec/gcc/riscv64-unknown-linux-musl/12.0.1/collect2 -plugin /home/sgf/.kendryte/k230_toolchains/riscv64-linux-musleabi_for_x86_64-pc-linux-gnu/bin/../libexec/gcc/riscv64-unknown-linux-musl/12.0.1/liblto_plugin.so -plugin-opt=/home/sgf/.kendryte/k230_toolchains/riscv64-linux-musleabi_for_x86_64-pc-linux-gnu/bin/../libexec/gcc/riscv64-unknown-linux-musl/12.0.1/lto-wrapper -plugin-opt=-fresolution=/tmp/ccclI7X0.res -plugin-opt=-pass-through=-lgcc -plugin-opt=-pass-through=-lgcc_s -plugin-opt=-pass-through=-lc -plugin-opt=-pass-through=-lgcc -plugin-opt=-pass-through=-lgcc_s --sysroot=/builds/canaan-creative/riscv-toolchain/install-native//riscv64-unknown-linux-musl --eh-frame-hdr -melf64lriscv -dynamic-linker /lib/ld-musl-riscv64.so.1 -o cmTC_74d49 /home/sgf/.kendryte/k230_toolchains/riscv64-linux-musleabi_for_x86_64-pc-linux-gnu/bin/../lib/gcc/riscv64-unknown-linux-musl/12.0.1/../../../../riscv64-unknown-linux-musl/lib/crt1.o /home/sgf/.kendryte/k230_toolchains/riscv64-linux-musleabi_for_x86_64-pc-linux-gnu/bin/../lib/gcc/riscv64-unknown-linux-musl/12.0.1/crti.o /home/sgf/.kendryte/k230_toolchains/riscv64-linux-musleabi_for_x86_64-pc-linux-gnu/bin/../lib/gcc/riscv64-unknown-linux-musl/12.0.1/crtbegin.o -L/home/sgf/.kendryte/k230_toolchains/riscv64-linux-musleabi_for_x86_64-pc-linux-gnu/bin/../lib/gcc/riscv64-unknown-linux-musl/12.0.1 -L/home/sgf/.kendryte/k230_toolchains/riscv64-linux-musleabi_for_x86_64-pc-linux-gnu/bin/../lib/gcc -L/home/sgf/.kendryte/k230_toolchains/riscv64-linux-musleabi_for_x86_64-pc-linux-gnu/bin/../lib/gcc/riscv64-unknown-linux-musl/12.0.1/../../../../riscv64-unknown-linux-musl/lib CMakeFiles/cmTC_74d49.dir/CMakeCCompilerABI.c.obj -lgcc --push-state --as-needed -lgcc_s --pop-state -lc -lgcc --push-state --as-needed -lgcc_s --pop-state /home/sgf/.kendryte/k230_toolchains/riscv64-linux-musleabi_for_x86_64-pc-linux-gnu/bin/../lib/gcc/riscv64-unknown-linux-musl/12.0.1/crtend.o /home/sgf/.kendryte/k230_toolchains/riscv64-linux-musleabi_for_x86_64-pc-linux-gnu/bin/../lib/gcc/riscv64-unknown-linux-musl/12.0.1/crtn.o]
    arg [/home/sgf/.kendryte/k230_toolchains/riscv64-linux-musleabi_for_x86_64-pc-linux-gnu/bin/../libexec/gcc/riscv64-unknown-linux-musl/12.0.1/collect2] ==> ignore
    arg [-plugin] ==> ignore
    arg [/home/sgf/.kendryte/k230_toolchains/riscv64-linux-musleabi_for_x86_64-pc-linux-gnu/bin/../libexec/gcc/riscv64-unknown-linux-musl/12.0.1/liblto_plugin.so] ==> ignore
    arg [-plugin-opt=/home/sgf/.kendryte/k230_toolchains/riscv64-linux-musleabi_for_x86_64-pc-linux-gnu/bin/../libexec/gcc/riscv64-unknown-linux-musl/12.0.1/lto-wrapper] ==> ignore
    arg [-plugin-opt=-fresolution=/tmp/ccclI7X0.res] ==> ignore
    arg [-plugin-opt=-pass-through=-lgcc] ==> ignore
    arg [-plugin-opt=-pass-through=-lgcc_s] ==> ignore
    arg [-plugin-opt=-pass-through=-lc] ==> ignore
    arg [-plugin-opt=-pass-through=-lgcc] ==> ignore
    arg [-plugin-opt=-pass-through=-lgcc_s] ==> ignore
    arg [--sysroot=/builds/canaan-creative/riscv-toolchain/install-native//riscv64-unknown-linux-musl] ==> ignore
    arg [--eh-frame-hdr] ==> ignore
    arg [-melf64lriscv] ==> ignore
    arg [-dynamic-linker] ==> ignore
    arg [/lib/ld-musl-riscv64.so.1] ==> ignore
    arg [-o] ==> ignore
    arg [cmTC_74d49] ==> ignore
    arg [/home/sgf/.kendryte/k230_toolchains/riscv64-linux-musleabi_for_x86_64-pc-linux-gnu/bin/../lib/gcc/riscv64-unknown-linux-musl/12.0.1/../../../../riscv64-unknown-linux-musl/lib/crt1.o] ==> obj [/home/sgf/.kendryte/k230_toolchains/riscv64-linux-musleabi_for_x86_64-pc-linux-gnu/bin/../lib/gcc/riscv64-unknown-linux-musl/12.0.1/../../../../riscv64-unknown-linux-musl/lib/crt1.o]
    arg [/home/sgf/.kendryte/k230_toolchains/riscv64-linux-musleabi_for_x86_64-pc-linux-gnu/bin/../lib/gcc/riscv64-unknown-linux-musl/12.0.1/crti.o] ==> obj [/home/sgf/.kendryte/k230_toolchains/riscv64-linux-musleabi_for_x86_64-pc-linux-gnu/bin/../lib/gcc/riscv64-unknown-linux-musl/12.0.1/crti.o]
    arg [/home/sgf/.kendryte/k230_toolchains/riscv64-linux-musleabi_for_x86_64-pc-linux-gnu/bin/../lib/gcc/riscv64-unknown-linux-musl/12.0.1/crtbegin.o] ==> obj [/home/sgf/.kendryte/k230_toolchains/riscv64-linux-musleabi_for_x86_64-pc-linux-gnu/bin/../lib/gcc/riscv64-unknown-linux-musl/12.0.1/crtbegin.o]
    arg [-L/home/sgf/.kendryte/k230_toolchains/riscv64-linux-musleabi_for_x86_64-pc-linux-gnu/bin/../lib/gcc/riscv64-unknown-linux-musl/12.0.1] ==> dir [/home/sgf/.kendryte/k230_toolchains/riscv64-linux-musleabi_for_x86_64-pc-linux-gnu/bin/../lib/gcc/riscv64-unknown-linux-musl/12.0.1]
    arg [-L/home/sgf/.kendryte/k230_toolchains/riscv64-linux-musleabi_for_x86_64-pc-linux-gnu/bin/../lib/gcc] ==> dir [/home/sgf/.kendryte/k230_toolchains/riscv64-linux-musleabi_for_x86_64-pc-linux-gnu/bin/../lib/gcc]
    arg [-L/home/sgf/.kendryte/k230_toolchains/riscv64-linux-musleabi_for_x86_64-pc-linux-gnu/bin/../lib/gcc/riscv64-unknown-linux-musl/12.0.1/../../../../riscv64-unknown-linux-musl/lib] ==> dir [/home/sgf/.kendryte/k230_toolchains/riscv64-linux-musleabi_for_x86_64-pc-linux-gnu/bin/../lib/gcc/riscv64-unknown-linux-musl/12.0.1/../../../../riscv64-unknown-linux-musl/lib]
    arg [CMakeFiles/cmTC_74d49.dir/CMakeCCompilerABI.c.obj] ==> ignore
    arg [-lgcc] ==> lib [gcc]
    arg [--push-state] ==> ignore
    arg [--as-needed] ==> ignore
    arg [-lgcc_s] ==> lib [gcc_s]
    arg [--pop-state] ==> ignore
    arg [-lc] ==> lib [c]
    arg [-lgcc] ==> lib [gcc]
    arg [--push-state] ==> ignore
    arg [--as-needed] ==> ignore
    arg [-lgcc_s] ==> lib [gcc_s]
    arg [--pop-state] ==> ignore
    arg [/home/sgf/.kendryte/k230_toolchains/riscv64-linux-musleabi_for_x86_64-pc-linux-gnu/bin/../lib/gcc/riscv64-unknown-linux-musl/12.0.1/crtend.o] ==> obj [/home/sgf/.kendryte/k230_toolchains/riscv64-linux-musleabi_for_x86_64-pc-linux-gnu/bin/../lib/gcc/riscv64-unknown-linux-musl/12.0.1/crtend.o]
    arg [/home/sgf/.kendryte/k230_toolchains/riscv64-linux-musleabi_for_x86_64-pc-linux-gnu/bin/../lib/gcc/riscv64-unknown-linux-musl/12.0.1/crtn.o] ==> obj [/home/sgf/.kendryte/k230_toolchains/riscv64-linux-musleabi_for_x86_64-pc-linux-gnu/bin/../lib/gcc/riscv64-unknown-linux-musl/12.0.1/crtn.o]
  collapse obj [/home/sgf/.kendryte/k230_toolchains/riscv64-linux-musleabi_for_x86_64-pc-linux-gnu/bin/../lib/gcc/riscv64-unknown-linux-musl/12.0.1/../../../../riscv64-unknown-linux-musl/lib/crt1.o] ==> [/home/sgf/.kendryte/k230_toolchains/riscv64-linux-musleabi_for_x86_64-pc-linux-gnu/riscv64-unknown-linux-musl/lib/crt1.o]
  collapse obj [/home/sgf/.kendryte/k230_toolchains/riscv64-linux-musleabi_for_x86_64-pc-linux-gnu/bin/../lib/gcc/riscv64-unknown-linux-musl/12.0.1/crti.o] ==> [/home/sgf/.kendryte/k230_toolchains/riscv64-linux-musleabi_for_x86_64-pc-linux-gnu/lib/gcc/riscv64-unknown-linux-musl/12.0.1/crti.o]
  collapse obj [/home/sgf/.kendryte/k230_toolchains/riscv64-linux-musleabi_for_x86_64-pc-linux-gnu/bin/../lib/gcc/riscv64-unknown-linux-musl/12.0.1/crtbegin.o] ==> [/home/sgf/.kendryte/k230_toolchains/riscv64-linux-musleabi_for_x86_64-pc-linux-gnu/lib/gcc/riscv64-unknown-linux-musl/12.0.1/crtbegin.o]
  collapse obj [/home/sgf/.kendryte/k230_toolchains/riscv64-linux-musleabi_for_x86_64-pc-linux-gnu/bin/../lib/gcc/riscv64-unknown-linux-musl/12.0.1/crtend.o] ==> [/home/sgf/.kendryte/k230_toolchains/riscv64-linux-musleabi_for_x86_64-pc-linux-gnu/lib/gcc/riscv64-unknown-linux-musl/12.0.1/crtend.o]
  collapse obj [/home/sgf/.kendryte/k230_toolchains/riscv64-linux-musleabi_for_x86_64-pc-linux-gnu/bin/../lib/gcc/riscv64-unknown-linux-musl/12.0.1/crtn.o] ==> [/home/sgf/.kendryte/k230_toolchains/riscv64-linux-musleabi_for_x86_64-pc-linux-gnu/lib/gcc/riscv64-unknown-linux-musl/12.0.1/crtn.o]
  collapse library dir [/home/sgf/.kendryte/k230_toolchains/riscv64-linux-musleabi_for_x86_64-pc-linux-gnu/bin/../lib/gcc/riscv64-unknown-linux-musl/12.0.1] ==> [/home/sgf/.kendryte/k230_toolchains/riscv64-linux-musleabi_for_x86_64-pc-linux-gnu/lib/gcc/riscv64-unknown-linux-musl/12.0.1]
  collapse library dir [/home/sgf/.kendryte/k230_toolchains/riscv64-linux-musleabi_for_x86_64-pc-linux-gnu/bin/../lib/gcc] ==> [/home/sgf/.kendryte/k230_toolchains/riscv64-linux-musleabi_for_x86_64-pc-linux-gnu/lib/gcc]
  collapse library dir [/home/sgf/.kendryte/k230_toolchains/riscv64-linux-musleabi_for_x86_64-pc-linux-gnu/bin/../lib/gcc/riscv64-unknown-linux-musl/12.0.1/../../../../riscv64-unknown-linux-musl/lib] ==> [/home/sgf/.kendryte/k230_toolchains/riscv64-linux-musleabi_for_x86_64-pc-linux-gnu/riscv64-unknown-linux-musl/lib]
  implicit libs: [gcc;gcc_s;c;gcc;gcc_s]
  implicit objs: [/home/sgf/.kendryte/k230_toolchains/riscv64-linux-musleabi_for_x86_64-pc-linux-gnu/riscv64-unknown-linux-musl/lib/crt1.o;/home/sgf/.kendryte/k230_toolchains/riscv64-linux-musleabi_for_x86_64-pc-linux-gnu/lib/gcc/riscv64-unknown-linux-musl/12.0.1/crti.o;/home/sgf/.kendryte/k230_toolchains/riscv64-linux-musleabi_for_x86_64-pc-linux-gnu/lib/gcc/riscv64-unknown-linux-musl/12.0.1/crtbegin.o;/home/sgf/.kendryte/k230_toolchains/riscv64-linux-musleabi_for_x86_64-pc-linux-gnu/lib/gcc/riscv64-unknown-linux-musl/12.0.1/crtend.o;/home/sgf/.kendryte/k230_toolchains/riscv64-linux-musleabi_for_x86_64-pc-linux-gnu/lib/gcc/riscv64-unknown-linux-musl/12.0.1/crtn.o]
  implicit dirs: [/home/sgf/.kendryte/k230_toolchains/riscv64-linux-musleabi_for_x86_64-pc-linux-gnu/lib/gcc/riscv64-unknown-linux-musl/12.0.1;/home/sgf/.kendryte/k230_toolchains/riscv64-linux-musleabi_for_x86_64-pc-linux-gnu/lib/gcc;/home/sgf/.kendryte/k230_toolchains/riscv64-linux-musleabi_for_x86_64-pc-linux-gnu/riscv64-unknown-linux-musl/lib]
  implicit fwks: []


Detecting CXX compiler ABI info compiled with the following output:
Change Dir: /home/sgf/ws/k230_gesture_io/build/CMakeFiles/CMakeTmp

Run Build Command(s):/usr/bin/gmake -f Makefile cmTC_9d025/fast && /usr/bin/gmake  -f CMakeFiles/cmTC_9d025.dir/build.make CMakeFiles/cmTC_9d025.dir/build
gmake[1]: Entering directory '/home/sgf/ws/k230_gesture_io/build/CMakeFiles/CMakeTmp'
Building CXX object CMakeFiles/cmTC_9d025.dir/CMakeCXXCompilerABI.cpp.obj
/home/sgf/.kendryte/k230_toolchains/riscv64-linux-musleabi_for_x86_64-pc-linux-gnu/bin/riscv64-unknown-linux-musl-g++   -fopenmp -march=rv64imafdcv -mabi=lp64d -mcmodel=medany -fopenmp -march=rv64imafdcv -mabi=lp64d -mcmodel=medany    -v -o CMakeFiles/cmTC_9d025.dir/CMakeCXXCompilerABI.cpp.obj -c /usr/share/cmake-3.22/Modules/CMakeCXXCompilerABI.cpp
Using built-in specs.
COLLECT_GCC=/home/sgf/.kendryte/k230_toolchains/riscv64-linux-musleabi_for_x86_64-pc-linux-gnu/bin/riscv64-unknown-linux-musl-g++
Target: riscv64-unknown-linux-musl
Configured with: /builds/canaan-creative/riscv-toolchain/gcc/configure --target=riscv64-unknown-linux-musl --prefix=/builds/canaan-creative/riscv-toolchain/install-native/ --with-sysroot=/builds/canaan-creative/riscv-toolchain/install-native//riscv64-unknown-linux-musl --with-system-zlib --enable-shared --enable-tls --enable-languages=c,c++,fortran --disable-libmudflap --disable-libssp --disable-libquadmath --disable-libsanitizer --disable-nls --disable-bootstrap --src=/builds/canaan-creative/riscv-toolchain/gcc --disable-multilib --with-abi=lp64d --with-arch=rv64imafdcv --with-tune=rocket 'CFLAGS_FOR_TARGET=-O2   -mcmodel=medany -march=rv64imafdcv -mabi=lp64d' 'CXXFLAGS_FOR_TARGET=-O2   -mcmodel=medany -march=rv64imafdcv -mabi=lp64d'
Thread model: posix
Supported LTO compression algorithms: zlib
gcc version 12.0.1 20220505 (prerelease) (GCC) 
COLLECT_GCC_OPTIONS='-mcmodel=medany' '-fopenmp' '-march=rv64imafdcv' '-mabi=lp64d' '-mcmodel=medany' '-v' '-o' 'CMakeFiles/cmTC_9d025.dir/CMakeCXXCompilerABI.cpp.obj' '-c' '-shared-libgcc' '-mtune=rocket' '-misa-spec=20191213' '-march=rv64imafdcv_zicsr_zve32f_zve32x_zve64d_zve64f_zve64x_zvl128b_zvl32b_zvl64b' '-pthread' '-dumpdir' 'CMakeFiles/cmTC_9d025.dir/'
 /home/sgf/.kendryte/k230_toolchains/riscv64-linux-musleabi_for_x86_64-pc-linux-gnu/bin/../libexec/gcc/riscv64-unknown-linux-musl/12.0.1/cc1plus -quiet -v -iprefix /home/sgf/.kendryte/k230_toolchains/riscv64-linux-musleabi_for_x86_64-pc-linux-gnu/bin/../lib/gcc/riscv64-unknown-linux-musl/12.0.1/ -D_GNU_SOURCE -D_REENTRANT /usr/share/cmake-3.22/Modules/CMakeCXXCompilerABI.cpp -quiet -dumpdir CMakeFiles/cmTC_9d025.dir/ -dumpbase CMakeCXXCompilerABI.cpp.cpp -dumpbase-ext .cpp -mcmodel=medany -march=rv64imafdcv -mabi=lp64d -mcmodel=medany -mtune=rocket -misa-spec=20191213 -march=rv64imafdcv_zicsr_zve32f_zve32x_zve64d_zve64f_zve64x_zvl128b_zvl32b_zvl64b -version -fopenmp -o /tmp/ccLVc1vP.s
GNU C++17 (GCC) version 12.0.1 20220505 (prerelease) (riscv64-unknown-linux-musl)
	compiled by GNU C version 9.4.0, GMP version 6.2.1, MPFR version 4.1.0, MPC version 1.2.1, isl version isl-0.24-GMP

GGC heuristics: --param ggc-min-expand=100 --param ggc-min-heapsize=131072
ignoring duplicate directory "/home/sgf/.kendryte/k230_toolchains/riscv64-linux-musleabi_for_x86_64-pc-linux-gnu/bin/../lib/gcc/../../lib/gcc/riscv64-unknown-linux-musl/12.0.1/../../../../riscv64-unknown-linux-musl/include/c++/12.0.1"
ignoring duplicate directory "/home/sgf/.kendryte/k230_toolchains/riscv64-linux-musleabi_for_x86_64-pc-linux-gnu/bin/../lib/gcc/../../lib/gcc/riscv64-unknown-linux-musl/12.0.1/../../../../riscv64-unknown-linux-musl/include/c++/12.0.1/riscv64-unknown-linux-musl"
ignoring duplicate directory "/home/sgf/.kendryte/k230_toolchains/riscv64-linux-musleabi_for_x86_64-pc-linux-gnu/bin/../lib/gcc/../../lib/gcc/riscv64-unknown-linux-musl/12.0.1/../../../../riscv64-unknown-linux-musl/include/c++/12.0.1/backward"
ignoring nonexistent directory "/builds/canaan-creative/riscv-toolchain/install-native//riscv64-unknown-linux-musl/usr/local/include"
ignoring duplicate directory "/home/sgf/.kendryte/k230_toolchains/riscv64-linux-musleabi_for_x86_64-pc-linux-gnu/bin/../lib/gcc/../../lib/gcc/riscv64-unknown-linux-musl/12.0.1/../../../../riscv64-unknown-linux-musl/include"
ignoring nonexistent directory "/builds/canaan-creative/riscv-toolchain/install-native//riscv64-unknown-linux-musl/usr/include"
ignoring duplicate directory "/home/sgf/.kendryte/k230_toolchains/riscv64-linux-musleabi_for_x86_64-pc-linux-gnu/bin/../lib/gcc/../../lib/gcc/riscv64-unknown-linux-musl/12.0.1/include"
#include "..." search starts here:
#include <...> search starts here:
 /home/sgf/.kendryte/k230_toolchains/riscv64-linux-musleabi_for_x86_64-pc-linux-gnu/bin/../lib/gcc/riscv64-unknown-linux-musl/12.0.1/../../../../riscv64-unknown-linux-musl/include/c++/12.0.1
 /home/sgf/.kendryte/k230_toolchains/riscv64-linux-musleabi_for_x86_64-pc-linux-gnu/bin/../lib/gcc/riscv64-unknown-linux-musl/12.0.1/../../../../riscv64-unknown-linux-musl/include/c++/12.0.1/riscv64-unknown-linux-musl
 /home/sgf/.kendryte/k230_toolchains/riscv64-linux-musleabi_for_x86_64-pc-linux-gnu/bin/../lib/gcc/riscv64-unknown-linux-musl/12.0.1/../../../../riscv64-unknown-linux-musl/include/c++/12.0.1/backward
 /home/sgf/.kendryte/k230_toolchains/riscv64-linux-musleabi_for_x86_64-pc-linux-gnu/bin/../lib/gcc/riscv64-unknown-linux-musl/12.0.1/../../../../riscv64-unknown-linux-musl/include
 /home/sgf/.kendryte/k230_toolchains/riscv64-linux-musleabi_for_x86_64-pc-linux-gnu/bin/../lib/gcc/riscv64-unknown-linux-musl/12.0.1/include
End of search list.
GNU C++17 (GCC) version 12.0.1 20220505 (prerelease) (riscv64-unknown-linux-musl)
	compiled by GNU C version 9.4.0, GMP version 6.2.1, MPFR version 4.1.0, MPC version 1.2.1, isl version isl-0.24-GMP

GGC heuristics: --param ggc-min-expand=100 --param ggc-min-heapsize=131072
Compiler executable checksum: 2a7c4c9326bc576a073cebd355eeafab
COLLECT_GCC_OPTIONS='-mcmodel=medany' '-fopenmp' '-march=rv64imafdcv' '-mabi=lp64d' '-mcmodel=medany' '-v' '-o' 'CMakeFiles/cmTC_9d025.dir/CMakeCXXCompilerABI.cpp.obj' '-c' '-shared-libgcc' '-mtune=rocket' '-misa-spec=20191213' '-march=rv64imafdcv_zicsr_zve32f_zve32x_zve64d_zve64f_zve64x_zvl128b_zvl32b_zvl64b' '-pthread' '-dumpdir' 'CMakeFiles/cmTC_9d025.dir/'
 /home/sgf/.kendryte/k230_toolchains/riscv64-linux-musleabi_for_x86_64-pc-linux-gnu/bin/../lib/gcc/riscv64-unknown-linux-musl/12.0.1/../../../../riscv64-unknown-linux-musl/bin/as -v --traditional-format -march=rv64imafdcv -march=rv64imafdcv_zicsr_zve32f_zve32x_zve64d_zve64f_zve64x_zvl128b_zvl32b_zvl64b -mabi=lp64d -misa-spec=20191213 -o CMakeFiles/cmTC_9d025.dir/CMakeCXXCompilerABI.cpp.obj /tmp/ccLVc1vP.s
GNU assembler version 2.39 (riscv64-unknown-linux-musl) using BFD version (GNU Binutils) 2.39
COMPILER_PATH=/home/sgf/.kendryte/k230_toolchains/riscv64-linux-musleabi_for_x86_64-pc-linux-gnu/bin/../libexec/gcc/riscv64-unknown-linux-musl/12.0.1/:/home/sgf/.kendryte/k230_toolchains/riscv64-linux-musleabi_for_x86_64-pc-linux-gnu/bin/../libexec/gcc/:/home/sgf/.kendryte/k230_toolchains/riscv64-linux-musleabi_for_x86_64-pc-linux-gnu/bin/../lib/gcc/riscv64-unknown-linux-musl/12.0.1/../../../../riscv64-unknown-linux-musl/bin/
LIBRARY_PATH=/home/sgf/.kendryte/k230_toolchains/riscv64-linux-musleabi_for_x86_64-pc-linux-gnu/bin/../lib/gcc/riscv64-unknown-linux-musl/12.0.1/:/home/sgf/.kendryte/k230_toolchains/riscv64-linux-musleabi_for_x86_64-pc-linux-gnu/bin/../lib/gcc/:/home/sgf/.kendryte/k230_toolchains/riscv64-linux-musleabi_for_x86_64-pc-linux-gnu/bin/../lib/gcc/riscv64-unknown-linux-musl/12.0.1/../../../../riscv64-unknown-linux-musl/lib/
COLLECT_GCC_OPTIONS='-mcmodel=medany' '-fopenmp' '-march=rv64imafdcv' '-mabi=lp64d' '-mcmodel=medany' '-v' '-o' 'CMakeFiles/cmTC_9d025.dir/CMakeCXXCompilerABI.cpp.obj' '-c' '-shared-libgcc' '-mtune=rocket' '-misa-spec=20191213' '-march=rv64imafdcv_zicsr_zve32f_zve32x_zve64d_zve64f_zve64x_zvl128b_zvl32b_zvl64b' '-pthread' '-dumpdir' 'CMakeFiles/cmTC_9d025.dir/CMakeCXXCompilerABI.cpp.'
Linking CXX executable cmTC_9d025
/usr/bin/cmake -E cmake_link_script CMakeFiles/cmTC_9d025.dir/link.txt --verbose=1
/home/sgf/.kendryte/k230_toolchains/riscv64-linux-musleabi_for_x86_64-pc-linux-gnu/bin/riscv64-unknown-linux-musl-g++  -fopenmp -march=rv64imafdcv -mabi=lp64d -mcmodel=medany -fopenmp -march=rv64imafdcv -mabi=lp64d -mcmodel=medany   -v CMakeFiles/cmTC_9d025.dir/CMakeCXXCompilerABI.cpp.obj -o cmTC_9d025 
Using built-in specs.
COLLECT_GCC=/home/sgf/.kendryte/k230_toolchains/riscv64-linux-musleabi_for_x86_64-pc-linux-gnu/bin/riscv64-unknown-linux-musl-g++
COLLECT_LTO_WRAPPER=/home/sgf/.kendryte/k230_toolchains/riscv64-linux-musleabi_for_x86_64-pc-linux-gnu/bin/../libexec/gcc/riscv64-unknown-linux-musl/12.0.1/lto-wrapper
Target: riscv64-unknown-linux-musl
Configured with: /builds/canaan-creative/riscv-toolchain/gcc/configure --target=riscv64-unknown-linux-musl --prefix=/builds/canaan-creative/riscv-toolchain/install-native/ --with-sysroot=/builds/canaan-creative/riscv-toolchain/install-native//riscv64-unknown-linux-musl --with-system-zlib --enable-shared --enable-tls --enable-languages=c,c++,fortran --disable-libmudflap --disable-libssp --disable-libquadmath --disable-libsanitizer --disable-nls --disable-bootstrap --src=/builds/canaan-creative/riscv-toolchain/gcc --disable-multilib --with-abi=lp64d --with-arch=rv64imafdcv --with-tune=rocket 'CFLAGS_FOR_TARGET=-O2   -mcmodel=medany -march=rv64imafdcv -mabi=lp64d' 'CXXFLAGS_FOR_TARGET=-O2   -mcmodel=medany -march=rv64imafdcv -mabi=lp64d'
Thread model: posix
Supported LTO compression algorithms: zlib
gcc version 12.0.1 20220505 (prerelease) (GCC) 
COMPILER_PATH=/home/sgf/.kendryte/k230_toolchains/riscv64-linux-musleabi_for_x86_64-pc-linux-gnu/bin/../libexec/gcc/riscv64-unknown-linux-musl/12.0.1/:/home/sgf/.kendryte/k230_toolchains/riscv64-linux-musleabi_for_x86_64-pc-linux-gnu/bin/../libexec/gcc/:/home/sgf/.kendryte/k230_toolchains/riscv64-linux-musleabi_for_x86_64-pc-linux-gnu/bin/../lib/gcc/riscv64-unknown-linux-musl/12.0.1/../../../../riscv64-unknown-linux-musl/bin/
LIBRARY_PATH=/home/sgf/.kendryte/k230_toolchains/riscv64-linux-musleabi_for_x86_64-pc-linux-gnu/bin/../lib/gcc/riscv64-unknown-linux-musl/12.0.1/:/home/sgf/.kendryte/k230_toolchains/riscv64-linux-musleabi_for_x86_64-pc-linux-gnu/bin/../lib/gcc/:/home/sgf/.kendryte/k230_toolchains/riscv64-linux-musleabi_for_x86_64-pc-linux-gnu/bin/../lib/gcc/riscv64-unknown-linux-musl/12.0.1/../../../../riscv64-unknown-linux-musl/lib/
Reading specs from /home/sgf/.kendryte/k230_toolchains/riscv64-linux-musleabi_for_x86_64-pc-linux-gnu/bin/../lib/gcc/riscv64-unknown-linux-musl/12.0.1/../../../../riscv64-unknown-linux-musl/lib/libgomp.spec
COLLECT_GCC_OPTIONS='-mcmodel=medany' '-fopenmp' '-march=rv64imafdcv' '-mabi=lp64d' '-mcmodel=medany' '-v' '-o' 'cmTC_9d025' '-shared-libgcc' '-mtune=rocket' '-misa-spec=20191213' '-march=rv64imafdcv_zicsr_zve32f_zve32x_zve64d_zve64f_zve64x_zvl128b_zvl32b_zvl64b' '-pthread' '-dumpdir' 'cmTC_9d025.'
 /home/sgf/.kendryte/k230_toolchains/riscv64-linux-musleabi_for_x86_64-pc-linux-gnu/bin/../libexec/gcc/riscv64-unknown-linux-musl/12.0.1/collect2 -plugin /home/sgf/.kendryte/k230_toolchains/riscv64-linux-musleabi_for_x86_64-pc-linux-gnu/bin/../libexec/gcc/riscv64-unknown-linux-musl/12.0.1/liblto_plugin.so -plugin-opt=/home/sgf/.kendryte/k230_toolchains/riscv64-linux-musleabi_for_x86_64-pc-linux-gnu/bin/../libexec/gcc/riscv64-unknown-linux-musl/12.0.1/lto-wrapper -plugin-opt=-fresolution=/tmp/cccTFJRi.res -plugin-opt=-pass-through=-lgcc_s -plugin-opt=-pass-through=-lgcc -plugin-opt=-pass-through=-lpthread -plugin-opt=-pass-through=-lc -plugin-opt=-pass-through=-latomic -plugin-opt=-pass-through=-lgcc_s -plugin-opt=-pass-through=-lgcc --sysroot=/builds/canaan-creative/riscv-toolchain/install-native//riscv64-unknown-linux-musl --eh-frame-hdr -melf64lriscv -dynamic-linker /lib/ld-musl-riscv64.so.1 -o cmTC_9d025 /home/sgf/.kendryte/k230_toolchains/riscv64-linux-musleabi_for_x86_64-pc-linux-gnu/bin/../lib/gcc/riscv64-unknown-linux-musl/12.0.1/../../../../riscv64-unknown-linux-musl/lib/crt1.o /home/sgf/.kendryte/k230_toolchains/riscv64-linux-musleabi_for_x86_64-pc-linux-gnu/bin/../lib/gcc/riscv64-unknown-linux-musl/12.0.1/crti.o /home/sgf/.kendryte/k230_toolchains/riscv64-linux-musleabi_for_x86_64-pc-linux-gnu/bin/../lib/gcc/riscv64-unknown-linux-musl/12.0.1/crtbegin.o -L/home/sgf/.kendryte/k230_toolchains/riscv64-linux-musleabi_for_x86_64-pc-linux-gnu/bin/../lib/gcc/riscv64-unknown-linux-musl/12.0.1 -L/home/sgf/.kendryte/k230_toolchains/riscv64-linux-musleabi_for_x86_64-pc-linux-gnu/bin/../lib/gcc -L/home/sgf/.kendryte/k230_toolchains/riscv64-linux-musleabi_for_x86_64-pc-linux-gnu/bin/../lib/gcc/riscv64-unknown-linux-musl/12.0.1/../../../../riscv64-unknown-linux-musl/lib CMakeFiles/cmTC_9d025.dir/CMakeCXXCompilerABI.cpp.obj -lstdc++ -lm -lgomp -lgcc_s -lgcc -lpthread -lc --push-state --as-needed -latomic --pop-state -lgcc_s -lgcc /home/sgf/.kendryte/k230_toolchains/riscv64-linux-musleabi_for_x86_64-pc-linux-gnu/bin/../lib/gcc/riscv64-unknown-linux-musl/12.0.1/crtend.o /home/sgf/.kendryte/k230_toolchains/riscv64-linux-musleabi_for_x86_64-pc-linux-gnu/bin/../lib/gcc/riscv64-unknown-linux-musl/12.0.1/crtn.o
COLLECT_GCC_OPTIONS='-mcmodel=medany' '-fopenmp' '-march=rv64imafdcv' '-mabi=lp64d' '-mcmodel=medany' '-v' '-o' 'cmTC_9d025' '-shared-libgcc' '-mtune=rocket' '-misa-spec=20191213' '-march=rv64imafdcv_zicsr_zve32f_zve32x_zve64d_zve64f_zve64x_zvl128b_zvl32b_zvl64b' '-pthread' '-dumpdir' 'cmTC_9d025.'
gmake[1]: Leaving directory '/home/sgf/ws/k230_gesture_io/build/CMakeFiles/CMakeTmp'



Parsed CXX implicit include dir info from above output: rv=done
  found start of include info
  found start of implicit include info
    add: [/home/sgf/.kendryte/k230_toolchains/riscv64-linux-musleabi_for_x86_64-pc-linux-gnu/bin/../lib/gcc/riscv64-unknown-linux-musl/12.0.1/../../../../riscv64-unknown-linux-musl/include/c++/12.0.1]
    add: [/home/sgf/.kendryte/k230_toolchains/riscv64-linux-musleabi_for_x86_64-pc-linux-gnu/bin/../lib/gcc/riscv64-unknown-linux-musl/12.0.1/../../../../riscv64-unknown-linux-musl/include/c++/12.0.1/riscv64-unknown-linux-musl]
    add: [/home/sgf/.kendryte/k230_toolchains/riscv64-linux-musleabi_for_x86_64-pc-linux-gnu/bin/../lib/gcc/riscv64-unknown-linux-musl/12.0.1/../../../../riscv64-unknown-linux-musl/include/c++/12.0.1/backward]
    add: [/home/sgf/.kendryte/k230_toolchains/riscv64-linux-musleabi_for_x86_64-pc-linux-gnu/bin/../lib/gcc/riscv64-unknown-linux-musl/12.0.1/../../../../riscv64-unknown-linux-musl/include]
    add: [/home/sgf/.kendryte/k230_toolchains/riscv64-linux-musleabi_for_x86_64-pc-linux-gnu/bin/../lib/gcc/riscv64-unknown-linux-musl/12.0.1/include]
  end of search list found
  collapse include dir [/home/sgf/.kendryte/k230_toolchains/riscv64-linux-musleabi_for_x86_64-pc-linux-gnu/bin/../lib/gcc/riscv64-unknown-linux-musl/12.0.1/../../../../riscv64-unknown-linux-musl/include/c++/12.0.1] ==> [/home/sgf/.kendryte/k230_toolchains/riscv64-linux-musleabi_for_x86_64-pc-linux-gnu/riscv64-unknown-linux-musl/include/c++/12.0.1]
  collapse include dir [/home/sgf/.kendryte/k230_toolchains/riscv64-linux-musleabi_for_x86_64-pc-linux-gnu/bin/../lib/gcc/riscv64-unknown-linux-musl/12.0.1/../../../../riscv64-unknown-linux-musl/include/c++/12.0.1/riscv64-unknown-linux-musl] ==> [/home/sgf/.kendryte/k230_toolchains/riscv64-linux-musleabi_for_x86_64-pc-linux-gnu/riscv64-unknown-linux-musl/include/c++/12.0.1/riscv64-unknown-linux-musl]
  collapse include dir [/home/sgf/.kendryte/k230_toolchains/riscv64-linux-musleabi_for_x86_64-pc-linux-gnu/bin/../lib/gcc/riscv64-unknown-linux-musl/12.0.1/../../../../riscv64-unknown-linux-musl/include/c++/12.0.1/backward] ==> [/home/sgf/.kendryte/k230_toolchains/riscv64-linux-musleabi_for_x86_64-pc-linux-gnu/riscv64-unknown-linux-musl/include/c++/12.0.1/backward]
  collapse include dir [/home/sgf/.kendryte/k230_toolchains/riscv64-linux-musleabi_for_x86_64-pc-linux-gnu/bin/../lib/gcc/riscv64-unknown-linux-musl/12.0.1/../../../../riscv64-unknown-linux-musl/include] ==> [/home/sgf/.kendryte/k230_toolchains/riscv64-linux-musleabi_for_x86_64-pc-linux-gnu/riscv64-unknown-linux-musl/include]
  collapse include dir [/home/sgf/.kendryte/k230_toolchains/riscv64-linux-musleabi_for_x86_64-pc-linux-gnu/bin/../lib/gcc/riscv64-unknown-linux-musl/12.0.1/include] ==> [/home/sgf/.kendryte/k230_toolchains/riscv64-linux-musleabi_for_x86_64-pc-linux-gnu/lib/gcc/riscv64-unknown-linux-musl/12.0.1/include]
  implicit include dirs: [/home/sgf/.kendryte/k230_toolchains/riscv64-linux-musleabi_for_x86_64-pc-linux-gnu/riscv64-unknown-linux-musl/include/c++/12.0.1;/home/sgf/.kendryte/k230_toolchains/riscv64-linux-musleabi_for_x86_64-pc-linux-gnu/riscv64-unknown-linux-musl/include/c++/12.0.1/riscv64-unknown-linux-musl;/home/sgf/.kendryte/k230_toolchains/riscv64-linux-musleabi_for_x86_64-pc-linux-gnu/riscv64-unknown-linux-musl/include/c++/12.0.1/backward;/home/sgf/.kendryte/k230_toolchains/riscv64-linux-musleabi_for_x86_64-pc-linux-gnu/riscv64-unknown-linux-musl/include;/home/sgf/.kendryte/k230_toolchains/riscv64-linux-musleabi_for_x86_64-pc-linux-gnu/lib/gcc/riscv64-unknown-linux-musl/12.0.1/include]


Parsed CXX implicit link information from above output:
  link line regex: [^( *|.*[/\])(riscv64-unknown-linux-musl-ld|CMAKE_LINK_STARTFILE-NOTFOUND|([^/\]+-)?ld|collect2)[^/\]*( |$)]
  ignore line: [Change Dir: /home/sgf/ws/k230_gesture_io/build/CMakeFiles/CMakeTmp]
  ignore line: []
  ignore line: [Run Build Command(s):/usr/bin/gmake -f Makefile cmTC_9d025/fast && /usr/bin/gmake  -f CMakeFiles/cmTC_9d025.dir/build.make CMakeFiles/cmTC_9d025.dir/build]
  ignore line: [gmake[1]: Entering directory '/home/sgf/ws/k230_gesture_io/build/CMakeFiles/CMakeTmp']
  ignore line: [Building CXX object CMakeFiles/cmTC_9d025.dir/CMakeCXXCompilerABI.cpp.obj]
  ignore line: [/home/sgf/.kendryte/k230_toolchains/riscv64-linux-musleabi_for_x86_64-pc-linux-gnu/bin/riscv64-unknown-linux-musl-g++   -fopenmp -march=rv64imafdcv -mabi=lp64d -mcmodel=medany -fopenmp -march=rv64imafdcv -mabi=lp64d -mcmodel=medany    -v -o CMakeFiles/cmTC_9d025.dir/CMakeCXXCompilerABI.cpp.obj -c /usr/share/cmake-3.22/Modules/CMakeCXXCompilerABI.cpp]
  ignore line: [Using built-in specs.]
  ignore line: [COLLECT_GCC=/home/sgf/.kendryte/k230_toolchains/riscv64-linux-musleabi_for_x86_64-pc-linux-gnu/bin/riscv64-unknown-linux-musl-g++]
  ignore line: [Target: riscv64-unknown-linux-musl]
  ignore line: [Configured with: /builds/canaan-creative/riscv-toolchain/gcc/configure --target=riscv64-unknown-linux-musl --prefix=/builds/canaan-creative/riscv-toolchain/install-native/ --with-sysroot=/builds/canaan-creative/riscv-toolchain/install-native//riscv64-unknown-linux-musl --with-system-zlib --enable-shared --enable-tls --enable-languages=c c++ fortran --disable-libmudflap --disable-libssp --disable-libquadmath --disable-libsanitizer --disable-nls --disable-bootstrap --src=/builds/canaan-creative/riscv-toolchain/gcc --disable-multilib --with-abi=lp64d --with-arch=rv64imafdcv --with-tune=rocket 'CFLAGS_FOR_TARGET=-O2   -mcmodel=medany -march=rv64imafdcv -mabi=lp64d' 'CXXFLAGS_FOR_TARGET=-O2   -mcmodel=medany -march=rv64imafdcv -mabi=lp64d']
  ignore line: [Thread model: posix]
  ignore line: [Supported LTO compression algorithms: zlib]
  ignore line: [gcc version 12.0.1 20220505 (prerelease) (GCC) ]
  ignore line: [COLLECT_GCC_OPTIONS='-mcmodel=medany' '-fopenmp' '-march=rv64imafdcv' '-mabi=lp64d' '-mcmodel=medany' '-v' '-o' 'CMakeFiles/cmTC_9d025.dir/CMakeCXXCompilerABI.cpp.obj' '-c' '-shared-libgcc' '-mtune=rocket' '-misa-spec=20191213' '-march=rv64imafdcv_zicsr_zve32f_zve32x_zve64d_zve64f_zve64x_zvl128b_zvl32b_zvl64b' '-pthread' '-dumpdir' 'CMakeFiles/cmTC_9d025.dir/']
  ignore line: [ /home/sgf/.kendryte/k230_toolchains/riscv64-linux-musleabi_for_x86_64-pc-linux-gnu/bin/../libexec/gcc/riscv64-unknown-linux-musl/12.0.1/cc1plus -quiet -v -iprefix /home/sgf/.kendryte/k230_toolchains/riscv64-linux-musleabi_for_x86_64-pc-linux-gnu/bin/../lib/gcc/riscv64-unknown-linux-musl/12.0.1/ -D_GNU_SOURCE -D_REENTRANT /usr/share/cmake-3.22/Modules/CMakeCXXCompilerABI.cpp -quiet -dumpdir CMakeFiles/cmTC_9d025.dir/ -dumpbase CMakeCXXCompilerABI.cpp.cpp -dumpbase-ext .cpp -mcmodel=medany -march=rv64imafdcv -mabi=lp64d -mcmodel=medany -mtune=rocket -misa-spec=20191213 -march=rv64imafdcv_zicsr_zve32f_zve32x_zve64d_zve64f_zve64x_zvl128b_zvl32b_zvl64b -version -fopenmp -o /tmp/ccLVc1vP.s]
  ignore line: [GNU C++17 (GCC) version 12.0.1 20220505 (prerelease) (riscv64-unknown-linux-musl)]
  ignore line: [	compiled by GNU C version 9.4.0  GMP version 6.2.1  MPFR version 4.1.0  MPC version 1.2.1  isl version isl-0.24-GMP]
  ignore line: []
  ignore line: [GGC heuristics: --param ggc-min-expand=100 --param ggc-min-heapsize=131072]
  ignore line: [ignoring duplicate directory "/home/sgf/.kendryte/k230_toolchains/riscv64-linux-musleabi_for_x86_64-pc-linux-gnu/bin/../lib/gcc/../../lib/gcc/riscv64-unknown-linux-musl/12.0.1/../../../../riscv64-unknown-linux-musl/include/c++/12.0.1"]
  ignore line: [ignoring duplicate directory "/home/sgf/.kendryte/k230_toolchains/riscv64-linux-musleabi_for_x86_64-pc-linux-gnu/bin/../lib/gcc/../../lib/gcc/riscv64-unknown-linux-musl/12.0.1/../../../../riscv64-unknown-linux-musl/include/c++/12.0.1/riscv64-unknown-linux-musl"]
  ignore line: [ignoring duplicate directory "/home/sgf/.kendryte/k230_toolchains/riscv64-linux-musleabi_for_x86_64-pc-linux-gnu/bin/../lib/gcc/../../lib/gcc/riscv64-unknown-linux-musl/12.0.1/../../../../riscv64-unknown-linux-musl/include/c++/12.0.1/backward"]
  ignore line: [ignoring nonexistent directory "/builds/canaan-creative/riscv-toolchain/install-native//riscv64-unknown-linux-musl/usr/local/include"]
  ignore line: [ignoring duplicate directory "/home/sgf/.kendryte/k230_toolchains/riscv64-linux-musleabi_for_x86_64-pc-linux-gnu/bin/../lib/gcc/../../lib/gcc/riscv64-unknown-linux-musl/12.0.1/../../../../riscv64-unknown-linux-musl/include"]
  ignore line: [ignoring nonexistent directory "/builds/canaan-creative/riscv-toolchain/install-native//riscv64-unknown-linux-musl/usr/include"]
  ignore line: [ignoring duplicate directory "/home/sgf/.kendryte/k230_toolchains/riscv64-linux-musleabi_for_x86_64-pc-linux-gnu/bin/../lib/gcc/../../lib/gcc/riscv64-unknown-linux-musl/12.0.1/include"]
  ignore line: [#include "..." search starts here:]
  ignore line: [#include <...> search starts here:]
  ignore line: [ /home/sgf/.kendryte/k230_toolchains/riscv64-linux-musleabi_for_x86_64-pc-linux-gnu/bin/../lib/gcc/riscv64-unknown-linux-musl/12.0.1/../../../../riscv64-unknown-linux-musl/include/c++/12.0.1]
  ignore line: [ /home/sgf/.kendryte/k230_toolchains/riscv64-linux-musleabi_for_x86_64-pc-linux-gnu/bin/../lib/gcc/riscv64-unknown-linux-musl/12.0.1/../../../../riscv64-unknown-linux-musl/include/c++/12.0.1/riscv64-unknown-linux-musl]
  ignore line: [ /home/sgf/.kendryte/k230_toolchains/riscv64-linux-musleabi_for_x86_64-pc-linux-gnu/bin/../lib/gcc/riscv64-unknown-linux-musl/12.0.1/../../../../riscv64-unknown-linux-musl/include/c++/12.0.1/backward]
  ignore line: [ /home/sgf/.kendryte/k230_toolchains/riscv64-linux-musleabi_for_x86_64-pc-linux-gnu/bin/../lib/gcc/riscv64-unknown-linux-musl/12.0.1/../../../../riscv64-unknown-linux-musl/include]
  ignore line: [ /home/sgf/.kendryte/k230_toolchains/riscv64-linux-musleabi_for_x86_64-pc-linux-gnu/bin/../lib/gcc/riscv64-unknown-linux-musl/12.0.1/include]
  ignore line: [End of search list.]
  ignore line: [GNU C++17 (GCC) version 12.0.1 20220505 (prerelease) (riscv64-unknown-linux-musl)]
  ignore line: [	compiled by GNU C version 9.4.0  GMP version 6.2.1  MPFR version 4.1.0  MPC version 1.2.1  isl version isl-0.24-GMP]
  ignore line: []
  ignore line: [GGC heuristics: --param ggc-min-expand=100 --param ggc-min-heapsize=131072]
  ignore line: [Compiler executable checksum: 2a7c4c9326bc576a073cebd355eeafab]
  ignore line: [COLLECT_GCC_OPTIONS='-mcmodel=medany' '-fopenmp' '-march=rv64imafdcv' '-mabi=lp64d' '-mcmodel=medany' '-v' '-o' 'CMakeFiles/cmTC_9d025.dir/CMakeCXXCompilerABI.cpp.obj' '-c' '-shared-libgcc' '-mtune=rocket' '-misa-spec=20191213' '-march=rv64imafdcv_zicsr_zve32f_zve32x_zve64d_zve64f_zve64x_zvl128b_zvl32b_zvl64b' '-pthread' '-dumpdir' 'CMakeFiles/cmTC_9d025.dir/']
  ignore line: [ /home/sgf/.kendryte/k230_toolchains/riscv64-linux-musleabi_for_x86_64-pc-linux-gnu/bin/../lib/gcc/riscv64-unknown-linux-musl/12.0.1/../../../../riscv64-unknown-linux-musl/bin/as -v --traditional-format -march=rv64imafdcv -march=rv64imafdcv_zicsr_zve32f_zve32x_zve64d_zve64f_zve64x_zvl128b_zvl32b_zvl64b -mabi=lp64d -misa-spec=20191213 -o CMakeFiles/cmTC_9d025.dir/CMakeCXXCompilerABI.cpp.obj /tmp/ccLVc1vP.s]
  ignore line: [GNU assembler version 2.39 (riscv64-unknown-linux-musl) using BFD version (GNU Binutils) 2.39]
  ignore line: [COMPILER_PATH=/home/sgf/.kendryte/k230_toolchains/riscv64-linux-musleabi_for_x86_64-pc-linux-gnu/bin/../libexec/gcc/riscv64-unknown-linux-musl/12.0.1/:/home/sgf/.kendryte/k230_toolchains/riscv64-linux-musleabi_for_x86_64-pc-linux-gnu/bin/../libexec/gcc/:/home/sgf/.kendryte/k230_toolchains/riscv64-linux-musleabi_for_x86_64-pc-linux-gnu/bin/../lib/gcc/riscv64-unknown-linux-musl/12.0.1/../../../../riscv64-unknown-linux-musl/bin/]
  ignore line: [LIBRARY_PATH=/home/sgf/.kendryte/k230_toolchains/riscv64-linux-musleabi_for_x86_64-pc-linux-gnu/bin/../lib/gcc/riscv64-unknown-linux-musl/12.0.1/:/home/sgf/.kendryte/k230_toolchains/riscv64-linux-musleabi_for_x86_64-pc-linux-gnu/bin/../lib/gcc/:/home/sgf/.kendryte/k230_toolchains/riscv64-linux-musleabi_for_x86_64-pc-linux-gnu/bin/../lib/gcc/riscv64-unknown-linux-musl/12.0.1/../../../../riscv64-unknown-linux-musl/lib/]
  ignore line: [COLLECT_GCC_OPTIONS='-mcmodel=medany' '-fopenmp' '-march=rv64imafdcv' '-mabi=lp64d' '-mcmodel=medany' '-v' '-o' 'CMakeFiles/cmTC_9d025.dir/CMakeCXXCompilerABI.cpp.obj' '-c' '-shared-libgcc' '-mtune=rocket' '-misa-spec=20191213' '-march=rv64imafdcv_zicsr_zve32f_zve32x_zve64d_zve64f_zve64x_zvl128b_zvl32b_zvl64b' '-pthread' '-dumpdir' 'CMakeFiles/cmTC_9d025.dir/CMakeCXXCompilerABI.cpp.']
  ignore line: [Linking CXX executable cmTC_9d025]
  ignore line: [/usr/bin/cmake -E cmake_link_script CMakeFiles/cmTC_9d025.dir/link.txt --verbose=1]
  ignore line: [/home/sgf/.kendryte/k230_toolchains/riscv64-linux-musleabi_for_x86_64-pc-linux-gnu/bin/riscv64-unknown-linux-musl-g++  -fopenmp -march=rv64imafdcv -mabi=lp64d -mcmodel=medany -fopenmp -march=rv64imafdcv -mabi=lp64d -mcmodel=medany   -v CMakeFiles/cmTC_9d025.dir/CMakeCXXCompilerABI.cpp.obj -o cmTC_9d025 ]
  ignore line: [Using built-in specs.]
  ignore line: [COLLECT_GCC=/home/sgf/.kendryte/k230_toolchains/riscv64-linux-musleabi_for_x86_64-pc-linux-gnu/bin/riscv64-unknown-linux-musl-g++]
  ignore line: [COLLECT_LTO_WRAPPER=/home/sgf/.kendryte/k230_toolchains/riscv64-linux-musleabi_for_x86_64-pc-linux-gnu/bin/../libexec/gcc/riscv64-unknown-linux-musl/12.0.1/lto-wrapper]
  ignore line: [Target: riscv64-unknown-linux-musl]
  ignore line: [Configured with: /builds/canaan-creative/riscv-toolchain/gcc/configure --target=riscv64-unknown-linux-musl --prefix=/builds/canaan-creative/riscv-toolchain/install-native/ --with-sysroot=/builds/canaan-creative/riscv-toolchain/install-native//riscv64-unknown-linux-musl --with-system-zlib --enable-shared --enable-tls --enable-languages=c c++ fortran --disable-libmudflap --disable-libssp --disable-libquadmath --disable-libsanitizer --disable-nls --disable-bootstrap --src=/builds/canaan-creative/riscv-toolchain/gcc --disable-multilib --with-abi=lp64d --with-arch=rv64imafdcv --with-tune=rocket 'CFLAGS_FOR_TARGET=-O2   -mcmodel=medany -march=rv64imafdcv -mabi=lp64d' 'CXXFLAGS_FOR_TARGET=-O2   -mcmodel=medany -march=rv64imafdcv -mabi=lp64d']
  ignore line: [Thread model: posix]
  ignore line: [Supported LTO compression algorithms: zlib]
  ignore line: [gcc version 12.0.1 20220505 (prerelease) (GCC) ]
  ignore line: [COMPILER_PATH=/home/sgf/.kendryte/k230_toolchains/riscv64-linux-musleabi_for_x86_64-pc-linux-gnu/bin/../libexec/gcc/riscv64-unknown-linux-musl/12.0.1/:/home/sgf/.kendryte/k230_toolchains/riscv64-linux-musleabi_for_x86_64-pc-linux-gnu/bin/../libexec/gcc/:/home/sgf/.kendryte/k230_toolchains/riscv64-linux-musleabi_for_x86_64-pc-linux-gnu/bin/../lib/gcc/riscv64-unknown-linux-musl/12.0.1/../../../../riscv64-unknown-linux-musl/bin/]
  ignore line: [LIBRARY_PATH=/home/sgf/.kendryte/k230_toolchains/riscv64-linux-musleabi_for_x86_64-pc-linux-gnu/bin/../lib/gcc/riscv64-unknown-linux-musl/12.0.1/:/home/sgf/.kendryte/k230_toolchains/riscv64-linux-musleabi_for_x86_64-pc-linux-gnu/bin/../lib/gcc/:/home/sgf/.kendryte/k230_toolchains/riscv64-linux-musleabi_for_x86_64-pc-linux-gnu/bin/../lib/gcc/riscv64-unknown-linux-musl/12.0.1/../../../../riscv64-unknown-linux-musl/lib/]
  ignore line: [Reading specs from /home/sgf/.kendryte/k230_toolchains/riscv64-linux-musleabi_for_x86_64-pc-linux-gnu/bin/../lib/gcc/riscv64-unknown-linux-musl/12.0.1/../../../../riscv64-unknown-linux-musl/lib/libgomp.spec]
  ignore line: [COLLECT_GCC_OPTIONS='-mcmodel=medany' '-fopenmp' '-march=rv64imafdcv' '-mabi=lp64d' '-mcmodel=medany' '-v' '-o' 'cmTC_9d025' '-shared-libgcc' '-mtune=rocket' '-misa-spec=20191213' '-march=rv64imafdcv_zicsr_zve32f_zve32x_zve64d_zve64f_zve64x_zvl128b_zvl32b_zvl64b' '-pthread' '-dumpdir' 'cmTC_9d025.']
  link line: [ /home/sgf/.kendryte/k230_toolchains/riscv64-linux-musleabi_for_x86_64-pc-linux-gnu/bin/../libexec/gcc/riscv64-unknown-linux-musl/12.0.1/collect2 -plugin /home/sgf/.kendryte/k230_toolchains/riscv64-linux-musleabi_for_x86_64-pc-linux-gnu/bin/../libexec/gcc/riscv64-unknown-linux-musl/12.0.1/liblto_plugin.so -plugin-opt=/home/sgf/.kendryte/k230_toolchains/riscv64-linux-musleabi_for_x86_64-pc-linux-gnu/bin/../libexec/gcc/riscv64-unknown-linux-musl/12.0.1/lto-wrapper -plugin-opt=-fresolution=/tmp/cccTFJRi.res -plugin-opt=-pass-through=-lgcc_s -plugin-opt=-pass-through=-lgcc -plugin-opt=-pass-through=-lpthread -plugin-opt=-pass-through=-lc -plugin-opt=-pass-through=-latomic -plugin-opt=-pass-through=-lgcc_s -plugin-opt=-pass-through=-lgcc --sysroot=/builds/canaan-creative/riscv-toolchain/install-native//riscv64-unknown-linux-musl --eh-frame-hdr -melf64lriscv -dynamic-linker /lib/ld-musl-riscv64.so.1 -o cmTC_9d025 /home/sgf/.kendryte/k230_toolchains/riscv64-linux-musleabi_for_x86_64-pc-linux-gnu/bin/../lib/gcc/riscv64-unknown-linux-musl/12.0.1/../../../../riscv64-unknown-linux-musl/lib/crt1.o /home/sgf/.kendryte/k230_toolchains/riscv64-linux-musleabi_for_x86_64-pc-linux-gnu/bin/../lib/gcc/riscv64-unknown-linux-musl/12.0.1/crti.o /home/sgf/.kendryte/k230_toolchains/riscv64-linux-musleabi_for_x86_64-pc-linux-gnu/bin/../lib/gcc/riscv64-unknown-linux-musl/12.0.1/crtbegin.o -L/home/sgf/.kendryte/k230_toolchains/riscv64-linux-musleabi_for_x86_64-pc-linux-gnu/bin/../lib/gcc/riscv64-unknown-linux-musl/12.0.1 -L/home/sgf/.kendryte/k230_toolchains/riscv64-linux-musleabi_for_x86_64-pc-linux-gnu/bin/../lib/gcc -L/home/sgf/.kendryte/k230_toolchains/riscv64-linux-musleabi_for_x86_64-pc-linux-gnu/bin/../lib/gcc/riscv64-unknown-linux-musl/12.0.1/../../../../riscv64-unknown-linux-musl/lib CMakeFiles/cmTC_9d025.dir/CMakeCXXCompilerABI.cpp.obj -lstdc++ -lm -lgomp -lgcc_s -lgcc -lpthread -lc --push-state --as-needed -latomic --pop-state -lgcc_s -lgcc /home/sgf/.kendryte/k230_toolchains/riscv64-linux-musleabi_for_x86_64-pc-linux-gnu/bin/../lib/gcc/riscv64-unknown-linux-musl/12.0.1/crtend.o /home/sgf/.kendryte/k230_toolchains/riscv64-linux-musleabi_for_x86_64-pc-linux-gnu/bin/../lib/gcc/riscv64-unknown-linux-musl/12.0.1/crtn.o]
    arg [/home/sgf/.kendryte/k230_toolchains/riscv64-linux-musleabi_for_x86_64-pc-linux-gnu/bin/../libexec/gcc/riscv64-unknown-linux-musl/12.0.1/collect2] ==> ignore
    arg [-plugin] ==> ignore
    arg [/home/sgf/.kendryte/k230_toolchains/riscv64-linux-musleabi_for_x86_64-pc-linux-gnu/bin/../libexec/gcc/riscv64-unknown-linux-musl/12.0.1/liblto_plugin.so] ==> ignore
    arg [-plugin-opt=/home/sgf/.kendryte/k230_toolchains/riscv64-linux-musleabi_for_x86_64-pc-linux-gnu/bin/../libexec/gcc/riscv64-unknown-linux-musl/12.0.1/lto-wrapper] ==> ignore
    arg [-plugin-opt=-fresolution=/tmp/cccTFJRi.res] ==> ignore
    arg [-plugin-opt=-pass-through=-lgcc_s] ==> ignore
    arg [-plugin-opt=-pass-through=-lgcc] ==> ignore
    arg [-plugin-opt=-pass-through=-lpthread] ==> ignore
    arg [-plugin-opt=-pass-through=-lc] ==> ignore
    arg [-plugin-opt=-pass-through=-latomic] ==> ignore
    arg [-plugin-opt=-pass-through=-lgcc_s] ==> ignore
    arg [-plugin-opt=-pass-through=-lgcc] ==> ignore
    arg [--sysroot=/builds/canaan-creative/riscv-toolchain/install-native//riscv64-unknown-linux-musl] ==> ignore
    arg [--eh-frame-hdr] ==> ignore
    arg [-melf64lriscv] ==> ignore
    arg [-dynamic-linker] ==> ignore
    arg [/lib/ld-musl-riscv64.so.1] ==> ignore
    arg [-o] ==> ignore
    arg [cmTC_9d025] ==> ignore
    arg [/home/sgf/.kendryte/k230_toolchains/riscv64-linux-musleabi_for_x86_64-pc-linux-gnu/bin/../lib/gcc/riscv64-unknown-linux-musl/12.0.1/../../../../riscv64-unknown-linux-musl/lib/crt1.o] ==> obj [/home/sgf/.kendryte/k230_toolchains/riscv64-linux-musleabi_for_x86_64-pc-linux-gnu/bin/../lib/gcc/riscv64-unknown-linux-musl/12.0.1/../../../../riscv64-unknown-linux-musl/lib/crt1.o]
    arg [/home/sgf/.kendryte/k230_toolchains/riscv64-linux-musleabi_for_x86_64-pc-linux-gnu/bin/../lib/gcc/riscv64-unknown-linux-musl/12.0.1/crti.o] ==> obj [/home/sgf/.kendryte/k230_toolchains/riscv64-linux-musleabi_for_x86_64-pc-linux-gnu/bin/../lib/gcc/riscv64-unknown-linux-musl/12.0.1/crti.o]
    arg [/home/sgf/.kendryte/k230_toolchains/riscv64-linux-musleabi_for_x86_64-pc-linux-gnu/bin/../lib/gcc/riscv64-unknown-linux-musl/12.0.1/crtbegin.o] ==> obj [/home/sgf/.kendryte/k230_toolchains/riscv64-linux-musleabi_for_x86_64-pc-linux-gnu/bin/../lib/gcc/riscv64-unknown-linux-musl/12.0.1/crtbegin.o]
    arg [-L/home/sgf/.kendryte/k230_toolchains/riscv64-linux-musleabi_for_x86_64-pc-linux-gnu/bin/../lib/gcc/riscv64-unknown-linux-musl/12.0.1] ==> dir [/home/sgf/.kendryte/k230_toolchains/riscv64-linux-musleabi_for_x86_64-pc-linux-gnu/bin/../lib/gcc/riscv64-unknown-linux-musl/12.0.1]
    arg [-L/home/sgf/.kendryte/k230_toolchains/riscv64-linux-musleabi_for_x86_64-pc-linux-gnu/bin/../lib/gcc] ==> dir [/home/sgf/.kendryte/k230_toolchains/riscv64-linux-musleabi_for_x86_64-pc-linux-gnu/bin/../lib/gcc]
    arg [-L/home/sgf/.kendryte/k230_toolchains/riscv64-linux-musleabi_for_x86_64-pc-linux-gnu/bin/../lib/gcc/riscv64-unknown-linux-musl/12.0.1/../../../../riscv64-unknown-linux-musl/lib] ==> dir [/home/sgf/.kendryte/k230_toolchains/riscv64-linux-musleabi_for_x86_64-pc-linux-gnu/bin/../lib/gcc/riscv64-unknown-linux-musl/12.0.1/../../../../riscv64-unknown-linux-musl/lib]
    arg [CMakeFiles/cmTC_9d025.dir/CMakeCXXCompilerABI.cpp.obj] ==> ignore
    arg [-lstdc++] ==> lib [stdc++]
    arg [-lm] ==> lib [m]
    arg [-lgomp] ==> lib [gomp]
    arg [-lgcc_s] ==> lib [gcc_s]
    arg [-lgcc] ==> lib [gcc]
    arg [-lpthread] ==> lib [pthread]
    arg [-lc] ==> lib [c]
    arg [--push-state] ==> ignore
    arg [--as-needed] ==> ignore
    arg [-latomic] ==> lib [atomic]
    arg [--pop-state] ==> ignore
    arg [-lgcc_s] ==> lib [gcc_s]
    arg [-lgcc] ==> lib [gcc]
    arg [/home/sgf/.kendryte/k230_toolchains/riscv64-linux-musleabi_for_x86_64-pc-linux-gnu/bin/../lib/gcc/riscv64-unknown-linux-musl/12.0.1/crtend.o] ==> obj [/home/sgf/.kendryte/k230_toolchains/riscv64-linux-musleabi_for_x86_64-pc-linux-gnu/bin/../lib/gcc/riscv64-unknown-linux-musl/12.0.1/crtend.o]
    arg [/home/sgf/.kendryte/k230_toolchains/riscv64-linux-musleabi_for_x86_64-pc-linux-gnu/bin/../lib/gcc/riscv64-unknown-linux-musl/12.0.1/crtn.o] ==> obj [/home/sgf/.kendryte/k230_toolchains/riscv64-linux-musleabi_for_x86_64-pc-linux-gnu/bin/../lib/gcc/riscv64-unknown-linux-musl/12.0.1/crtn.o]
  collapse obj [/home/sgf/.kendryte/k230_toolchains/riscv64-linux-musleabi_for_x86_64-pc-linux-gnu/bin/../lib/gcc/riscv64-unknown-linux-musl/12.0.1/../../../../riscv64-unknown-linux-musl/lib/crt1.o] ==> [/home/sgf/.kendryte/k230_toolchains/riscv64-linux-musleabi_for_x86_64-pc-linux-gnu/riscv64-unknown-linux-musl/lib/crt1.o]
  collapse obj [/home/sgf/.kendryte/k230_toolchains/riscv64-linux-musleabi_for_x86_64-pc-linux-gnu/bin/../lib/gcc/riscv64-unknown-linux-musl/12.0.1/crti.o] ==> [/home/sgf/.kendryte/k230_toolchains/riscv64-linux-musleabi_for_x86_64-pc-linux-gnu/lib/gcc/riscv64-unknown-linux-musl/12.0.1/crti.o]
  collapse obj [/home/sgf/.kendryte/k230_toolchains/riscv64-linux-musleabi_for_x86_64-pc-linux-gnu/bin/../lib/gcc/riscv64-unknown-linux-musl/12.0.1/crtbegin.o] ==> [/home/sgf/.kendryte/k230_toolchains/riscv64-linux-musleabi_for_x86_64-pc-linux-gnu/lib/gcc/riscv64-unknown-linux-musl/12.0.1/crtbegin.o]
  collapse obj [/home/sgf/.kendryte/k230_toolchains/riscv64-linux-musleabi_for_x86_64-pc-linux-gnu/bin/../lib/gcc/riscv64-unknown-linux-musl/12.0.1/crtend.o] ==> [/home/sgf/.kendryte/k230_toolchains/riscv64-linux-musleabi_for_x86_64-pc-linux-gnu/lib/gcc/riscv64-unknown-linux-musl/12.0.1/crtend.o]
  collapse obj [/home/sgf/.kendryte/k230_toolchains/riscv64-linux-musleabi_for_x86_64-pc-linux-gnu/bin/../lib/gcc/riscv64-unknown-linux-musl/12.0.1/crtn.o] ==> [/home/sgf/.kendryte/k230_toolchains/riscv64-linux-musleabi_for_x86_64-pc-linux-gnu/lib/gcc/riscv64-unknown-linux-musl/12.0.1/crtn.o]
  collapse library dir [/home/sgf/.kendryte/k230_toolchains/riscv64-linux-musleabi_for_x86_64-pc-linux-gnu/bin/../lib/gcc/riscv64-unknown-linux-musl/12.0.1] ==> [/home/sgf/.kendryte/k230_toolchains/riscv64-linux-musleabi_for_x86_64-pc-linux-gnu/lib/gcc/riscv64-unknown-linux-musl/12.0.1]
  collapse library dir [/home/sgf/.kendryte/k230_toolchains/riscv64-linux-musleabi_for_x86_64-pc-linux-gnu/bin/../lib/gcc] ==> [/home/sgf/.kendryte/k230_toolchains/riscv64-linux-musleabi_for_x86_64-pc-linux-gnu/lib/gcc]
  collapse library dir [/home/sgf/.kendryte/k230_toolchains/riscv64-linux-musleabi_for_x86_64-pc-linux-gnu/bin/../lib/gcc/riscv64-unknown-linux-musl/12.0.1/../../../../riscv64-unknown-linux-musl/lib] ==> [/home/sgf/.kendryte/k230_toolchains/riscv64-linux-musleabi_for_x86_64-pc-linux-gnu/riscv64-unknown-linux-musl/lib]
  implicit libs: [stdc++;m;gomp;gcc_s;gcc;pthread;c;atomic;gcc_s;gcc]
  implicit objs: [/home/sgf/.kendryte/k230_toolchains/riscv64-linux-musleabi_for_x86_64-pc-linux-gnu/riscv64-unknown-linux-musl/lib/crt1.o;/home/sgf/.kendryte/k230_toolchains/riscv64-linux-musleabi_for_x86_64-pc-linux-gnu/lib/gcc/riscv64-unknown-linux-musl/12.0.1/crti.o;/home/sgf/.kendryte/k230_toolchains/riscv64-linux-musleabi_for_x86_64-pc-linux-gnu/lib/gcc/riscv64-unknown-linux-musl/12.0.1/crtbegin.o;/home/sgf/.kendryte/k230_toolchains/riscv64-linux-musleabi_for_x86_64-pc-linux-gnu/lib/gcc/riscv64-unknown-linux-musl/12.0.1/crtend.o;/home/sgf/.kendryte/k230_toolchains/riscv64-linux-musleabi_for_x86_64-pc-linux-gnu/lib/gcc/riscv64-unknown-linux-musl/12.0.1/crtn.o]
  implicit dirs: [/home/sgf/.kendryte/k230_toolchains/riscv64-linux-musleabi_for_x86_64-pc-linux-gnu/lib/gcc/riscv64-unknown-linux-musl/12.0.1;/home/sgf/.kendryte/k230_toolchains/riscv64-linux-musleabi_for_x86_64-pc-linux-gnu/lib/gcc;/home/sgf/.kendryte/k230_toolchains/riscv64-linux-musleabi_for_x86_64-pc-linux-gnu/riscv64-unknown-linux-musl/lib]
  implicit fwks: []


